Archive member included to satisfy reference by file (symbol)

/opt/st/stm32cubeide_2.1.0/plugins/com.st.stm32cube.ide.mcu.externaltools.gnu-tools-for-stm32.14.3.rel1.linux64_1.0.100.202602081740/tools/bin/../lib/gcc/arm-none-eabi/14.3.1/../../../../arm-none-eabi/lib/thumb/v7e-m+fp/hard/libc_nano.a(libc_a-assert.o)
                              ./Middlewares/Third_Party/OpenAMP/device.o (__assert_func)
/opt/st/stm32cubeide_2.1.0/plugins/com.st.stm32cube.ide.mcu.externaltools.gnu-tools-for-stm32.14.3.rel1.linux64_1.0.100.202602081740/tools/bin/../lib/gcc/arm-none-eabi/14.3.1/../../../../arm-none-eabi/lib/thumb/v7e-m+fp/hard/libc_nano.a(libc_a-exit.o)
                              /opt/st/stm32cubeide_2.1.0/plugins/com.st.stm32cube.ide.mcu.externaltools.gnu-tools-for-stm32.14.3.rel1.linux64_1.0.100.202602081740/tools/bin/../lib/gcc/arm-none-eabi/14.3.1/../../../../arm-none-eabi/lib/thumb/v7e-m+fp/hard/crt0.o (exit)
/opt/st/stm32cubeide_2.1.0/plugins/com.st.stm32cube.ide.mcu.externaltools.gnu-tools-for-stm32.14.3.rel1.linux64_1.0.100.202602081740/tools/bin/../lib/gcc/arm-none-eabi/14.3.1/../../../../arm-none-eabi/lib/thumb/v7e-m+fp/hard/libc_nano.a(libc_a-malloc.o)
                              ./Middlewares/Third_Party/OpenAMP/remoteproc_virtio.o (malloc)
/opt/st/stm32cubeide_2.1.0/plugins/com.st.stm32cube.ide.mcu.externaltools.gnu-tools-for-stm32.14.3.rel1.linux64_1.0.100.202602081740/tools/bin/../lib/gcc/arm-none-eabi/14.3.1/../../../../arm-none-eabi/lib/thumb/v7e-m+fp/hard/libc_nano.a(libc_a-mallocr.o)
                              /opt/st/stm32cubeide_2.1.0/plugins/com.st.stm32cube.ide.mcu.externaltools.gnu-tools-for-stm32.14.3.rel1.linux64_1.0.100.202602081740/tools/bin/../lib/gcc/arm-none-eabi/14.3.1/../../../../arm-none-eabi/lib/thumb/v7e-m+fp/hard/libc_nano.a(libc_a-malloc.o) (_malloc_r)
/opt/st/stm32cubeide_2.1.0/plugins/com.st.stm32cube.ide.mcu.externaltools.gnu-tools-for-stm32.14.3.rel1.linux64_1.0.100.202602081740/tools/bin/../lib/gcc/arm-none-eabi/14.3.1/../../../../arm-none-eabi/lib/thumb/v7e-m+fp/hard/libc_nano.a(libc_a-mlock.o)
                              /opt/st/stm32cubeide_2.1.0/plugins/com.st.stm32cube.ide.mcu.externaltools.gnu-tools-for-stm32.14.3.rel1.linux64_1.0.100.202602081740/tools/bin/../lib/gcc/arm-none-eabi/14.3.1/../../../../arm-none-eabi/lib/thumb/v7e-m+fp/hard/libc_nano.a(libc_a-mallocr.o) (__malloc_lock)
/opt/st/stm32cubeide_2.1.0/plugins/com.st.stm32cube.ide.mcu.externaltools.gnu-tools-for-stm32.14.3.rel1.linux64_1.0.100.202602081740/tools/bin/../lib/gcc/arm-none-eabi/14.3.1/../../../../arm-none-eabi/lib/thumb/v7e-m+fp/hard/libc_nano.a(libc_a-findfp.o)
                              /opt/st/stm32cubeide_2.1.0/plugins/com.st.stm32cube.ide.mcu.externaltools.gnu-tools-for-stm32.14.3.rel1.linux64_1.0.100.202602081740/tools/bin/../lib/gcc/arm-none-eabi/14.3.1/../../../../arm-none-eabi/lib/thumb/v7e-m+fp/hard/libc_nano.a(libc_a-exit.o) (__stdio_exit_handler)
/opt/st/stm32cubeide_2.1.0/plugins/com.st.stm32cube.ide.mcu.externaltools.gnu-tools-for-stm32.14.3.rel1.linux64_1.0.100.202602081740/tools/bin/../lib/gcc/arm-none-eabi/14.3.1/../../../../arm-none-eabi/lib/thumb/v7e-m+fp/hard/libc_nano.a(libc_a-fprintf.o)
                              /opt/st/stm32cubeide_2.1.0/plugins/com.st.stm32cube.ide.mcu.externaltools.gnu-tools-for-stm32.14.3.rel1.linux64_1.0.100.202602081740/tools/bin/../lib/gcc/arm-none-eabi/14.3.1/../../../../arm-none-eabi/lib/thumb/v7e-m+fp/hard/libc_nano.a(libc_a-assert.o) (fiprintf)
/opt/st/stm32cubeide_2.1.0/plugins/com.st.stm32cube.ide.mcu.externaltools.gnu-tools-for-stm32.14.3.rel1.linux64_1.0.100.202602081740/tools/bin/../lib/gcc/arm-none-eabi/14.3.1/../../../../arm-none-eabi/lib/thumb/v7e-m+fp/hard/libc_nano.a(libc_a-fwalk.o)
                              /opt/st/stm32cubeide_2.1.0/plugins/com.st.stm32cube.ide.mcu.externaltools.gnu-tools-for-stm32.14.3.rel1.linux64_1.0.100.202602081740/tools/bin/../lib/gcc/arm-none-eabi/14.3.1/../../../../arm-none-eabi/lib/thumb/v7e-m+fp/hard/libc_nano.a(libc_a-findfp.o) (_fwalk_sglue)
/opt/st/stm32cubeide_2.1.0/plugins/com.st.stm32cube.ide.mcu.externaltools.gnu-tools-for-stm32.14.3.rel1.linux64_1.0.100.202602081740/tools/bin/../lib/gcc/arm-none-eabi/14.3.1/../../../../arm-none-eabi/lib/thumb/v7e-m+fp/hard/libc_nano.a(libc_a-stdio.o)
                              /opt/st/stm32cubeide_2.1.0/plugins/com.st.stm32cube.ide.mcu.externaltools.gnu-tools-for-stm32.14.3.rel1.linux64_1.0.100.202602081740/tools/bin/../lib/gcc/arm-none-eabi/14.3.1/../../../../arm-none-eabi/lib/thumb/v7e-m+fp/hard/libc_nano.a(libc_a-findfp.o) (__sread)
/opt/st/stm32cubeide_2.1.0/plugins/com.st.stm32cube.ide.mcu.externaltools.gnu-tools-for-stm32.14.3.rel1.linux64_1.0.100.202602081740/tools/bin/../lib/gcc/arm-none-eabi/14.3.1/../../../../arm-none-eabi/lib/thumb/v7e-m+fp/hard/libc_nano.a(libc_a-memset.o)
[...]
Memory Configuration

Name             Origin             Length             Attributes
RETRAM_interrupts 0x00000000         0x00000600         xrw
SRAM1_text       0x10000000         0x00020000         xrw
SRAM2_data       0x10020000         0x00020000         xrw
SRAM3_ipc_shm    0x10040000         0x00010000         xrw
SRAM4            0x10050000         0x00010000         xrw
*default*        0x00000000         0xffffffff

Linker script and memory map

LOAD /opt/st/stm32cubeide_2.1.0/plugins/com.st.stm32cube.ide.mcu.externaltools.gnu-tools-for-stm32.14.3.rel1.linux64_1.0.100.202602081740/tools/bin/../lib/gcc/arm-none-eabi/14.3.1/thumb/v7e-m+fp/hard/crti.o
LOAD /opt/st/stm32cubeide_2.1.0/plugins/com.st.stm32cube.ide.mcu.externaltools.gnu-tools-for-stm32.14.3.rel1.linux64_1.0.100.202602081740/tools/bin/../lib/gcc/arm-none-eabi/14.3.1/thumb/v7e-m+fp/hard/crtbegin.o
LOAD /opt/st/stm32cubeide_2.1.0/plugins/com.st.stm32cube.ide.mcu.externaltools.gnu-tools-for-stm32.14.3.rel1.linux64_1.0.100.202602081740/tools/bin/../lib/gcc/arm-none-eabi/14.3.1/../../../../arm-none-eabi/lib/thumb/v7e-m+fp/hard/crt0.o
LOAD ./Common/System/system_stm32mp1xx.o
LOAD ./Core/Src/main.o
LOAD ./Core/Src/stm32mp1xx_hal_msp.o
LOAD ./Core/Src/stm32mp1xx_it.o
LOAD ./Core/Src/syscalls.o
LOAD ./Core/Src/sysmem.o
LOAD ./Core/Startup/startup_stm32mp157facx.o
LOAD ./Drivers/STM32MP1xx_HAL_Driver/stm32mp1xx_hal.o
LOAD ./Drivers/STM32MP1xx_HAL_Driver/stm32mp1xx_hal_cortex.o
LOAD ./Drivers/STM32MP1xx_HAL_Driver/stm32mp1xx_hal_dma.o
LOAD ./Drivers/STM32MP1xx_HAL_Driver/stm32mp1xx_hal_dma_ex.o
LOAD ./Drivers/STM32MP1xx_HAL_Driver/stm32mp1xx_hal_exti.o
LOAD ./Drivers/STM32MP1xx_HAL_Driver/stm32mp1xx_hal_fdcan.o
LOAD ./Drivers/STM32MP1xx_HAL_Driver/stm32mp1xx_hal_gpio.o
LOAD ./Drivers/STM32MP1xx_HAL_Driver/stm32mp1xx_hal_hsem.o
LOAD ./Drivers/STM32MP1xx_HAL_Driver/stm32mp1xx_hal_ipcc.o
LOAD ./Drivers/STM32MP1xx_HAL_Driver/stm32mp1xx_hal_mdma.o
LOAD ./Drivers/STM32MP1xx_HAL_Driver/stm32mp1xx_hal_pwr.o
LOAD ./Drivers/STM32MP1xx_HAL_Driver/stm32mp1xx_hal_pwr_ex.o
LOAD ./Drivers/STM32MP1xx_HAL_Driver/stm32mp1xx_hal_rcc.o
LOAD ./Drivers/STM32MP1xx_HAL_Driver/stm32mp1xx_hal_rcc_ex.o
LOAD ./Middlewares/Third_Party/OpenAMP/condition.o
LOAD ./Middlewares/Third_Party/OpenAMP/device.o
LOAD ./Middlewares/Third_Party/OpenAMP/generic_device.o
LOAD ./Middlewares/Third_Party/OpenAMP/generic_init.o
LOAD ./Middlewares/Third_Party/OpenAMP/generic_io.o
LOAD ./Middlewares/Third_Party/OpenAMP/generic_shmem.o
LOAD ./Middlewares/Third_Party/OpenAMP/init.o
LOAD ./Middlewares/Third_Party/OpenAMP/io.o
LOAD ./Middlewares/Third_Party/OpenAMP/log.o
LOAD ./Middlewares/Third_Party/OpenAMP/remoteproc_virtio.o
LOAD ./Middlewares/Third_Party/OpenAMP/rpmsg.o
LOAD ./Middlewares/Third_Party/OpenAMP/rpmsg_virtio.o
LOAD ./Middlewares/Third_Party/OpenAMP/shmem.o
LOAD ./Middlewares/Third_Party/OpenAMP/sys.o
LOAD ./Middlewares/Third_Party/OpenAMP/time.o
LOAD ./Middlewares/Third_Party/OpenAMP/virt_uart.o
LOAD ./Middlewares/Third_Party/OpenAMP/virtio.o
LOAD ./Middlewares/Third_Party/OpenAMP/virtqueue.o
LOAD ./OPENAMP/mbox_ipcc.o
LOAD ./OPENAMP/openamp.o
LOAD ./OPENAMP/openamp_log.o
LOAD ./OPENAMP/rsc_table.o
START GROUP
LOAD /opt/st/stm32cubeide_2.1.0/plugins/com.st.stm32cube.ide.mcu.externaltools.gnu-tools-for-stm32.14.3.rel1.linux64_1.0.100.202602081740/tools/bin/../lib/gcc/arm-none-eabi/14.3.1/../../../../arm-none-eabi/lib/thumb/v7e-m+fp/hard/libc_nano.a
LOAD /opt/st/stm32cubeide_2.1.0/plugins/com.st.stm32cube.ide.mcu.externaltools.gnu-tools-for-stm32.14.3.rel1.linux64_1.0.100.202602081740/tools/bin/../lib/gcc/arm-none-eabi/14.3.1/../../../../arm-none-eabi/lib/thumb/v7e-m+fp/hard/libm.a
END GROUP
START GROUP
LOAD /opt/st/stm32cubeide_2.1.0/plugins/com.st.stm32cube.ide.mcu.externaltools.gnu-tools-for-stm32.14.3.rel1.linux64_1.0.100.202602081740/tools/bin/../lib/gcc/arm-none-eabi/14.3.1/thumb/v7e-m+fp/hard/libgcc.a
LOAD /opt/st/stm32cubeide_2.1.0/plugins/com.st.stm32cube.ide.mcu.externaltools.gnu-tools-for-stm32.14.3.rel1.linux64_1.0.100.202602081740/tools/bin/../lib/gcc/arm-none-eabi/14.3.1/../../../../arm-none-eabi/lib/thumb/v7e-m+fp/hard/libc_nano.a
END GROUP
START GROUP
LOAD /opt/st/stm32cubeide_2.1.0/plugins/com.st.stm32cube.ide.mcu.externaltools.gnu-tools-for-stm32.14.3.rel1.linux64_1.0.100.202602081740/tools/bin/../lib/gcc/arm-none-eabi/14.3.1/thumb/v7e-m+fp/hard/libgcc.a
LOAD /opt/st/stm32cubeide_2.1.0/plugins/com.st.stm32cube.ide.mcu.externaltools.gnu-tools-for-stm32.14.3.rel1.linux64_1.0.100.202602081740/tools/bin/../lib/gcc/arm-none-eabi/14.3.1/../../../../arm-none-eabi/lib/thumb/v7e-m+fp/hard/libc_nano.a
LOAD /opt/st/stm32cubeide_2.1.0/plugins/com.st.stm32cube.ide.mcu.externaltools.gnu-tools-for-stm32.14.3.rel1.linux64_1.0.100.202602081740/tools/bin/../lib/gcc/arm-none-eabi/14.3.1/../../../../arm-none-eabi/lib/thumb/v7e-m+fp/hard/libnosys.a
END GROUP
START GROUP
LOAD /opt/st/stm32cubeide_2.1.0/plugins/com.st.stm32cube.ide.mcu.externaltools.gnu-tools-for-stm32.14.3.rel1.linux64_1.0.100.202602081740/tools/bin/../lib/gcc/arm-none-eabi/14.3.1/thumb/v7e-m+fp/hard/libgcc.a
LOAD /opt/st/stm32cubeide_2.1.0/plugins/com.st.stm32cube.ide.mcu.externaltools.gnu-tools-for-stm32.14.3.rel1.linux64_1.0.100.202602081740/tools/bin/../lib/gcc/arm-none-eabi/14.3.1/../../../../arm-none-eabi/lib/thumb/v7e-m+fp/hard/libc_nano.a
LOAD /opt/st/stm32cubeide_2.1.0/plugins/com.st.stm32cube.ide.mcu.externaltools.gnu-tools-for-stm32.14.3.rel1.linux64_1.0.100.202602081740/tools/bin/../lib/gcc/arm-none-eabi/14.3.1/../../../../arm-none-eabi/lib/thumb/v7e-m+fp/hard/libnosys.a
END GROUP
LOAD /opt/st/stm32cubeide_2.1.0/plugins/com.st.stm32cube.ide.mcu.externaltools.gnu-tools-for-stm32.14.3.rel1.linux64_1.0.100.202602081740/tools/bin/../lib/gcc/arm-none-eabi/14.3.1/thumb/v7e-m+fp/hard/crtend.o
LOAD /opt/st/stm32cubeide_2.1.0/plugins/com.st.stm32cube.ide.mcu.externaltools.gnu-tools-for-stm32.14.3.rel1.linux64_1.0.100.202602081740/tools/bin/../lib/gcc/arm-none-eabi/14.3.1/thumb/v7e-m+fp/hard/crtn.o
                0x10040000                        _estack = (ORIGIN (SRAM2_data) + LENGTH (SRAM2_data))
                0x00000200                        _Min_Heap_Size = 0x200
                0x00000400                        _Min_Stack_Size = 0x400
                0x10040000                        __OPENAMP_region_start__ = ORIGIN (SRAM3_ipc_shm)
                0x10050000                        __OPENAMP_region_end__ = (ORIGIN (SRAM3_ipc_shm) + LENGTH (SRAM3_ipc_shm))

.isr_vector     0x00000000      0x298
                0x00000000                        . = ALIGN (0x4)
 *(.isr_vector)
 .isr_vector    0x00000000      0x298 ./Core/Startup/startup_stm32mp157facx.o
                0x00000000                g_pfnVectors
                0x00000298                        . = ALIGN (0x4)

.text           0x10000000     0x93e0
                0x10000000                        . = ALIGN (0x4)
 *(.text)
 .text          0x10000000       0x40 /opt/st/stm32cubeide_2.1.0/plugins/com.st.stm32cube.ide.mcu.externaltools.gnu-tools-for-stm32.14.3.rel1.linux64_1.0.100.202602081740/tools/bin/../lib/gcc/arm-none-eabi/14.3.1/thumb/v7e-m+fp/hard/crtbegin.o
 .text          0x10000040       0x14 /opt/st/stm32cubeide_2.1.0/plugins/com.st.stm32cube.ide.mcu.externaltools.gnu-tools-for-stm32.14.3.rel1.linux64_1.0.100.202602081740/tools/bin/../lib/gcc/arm-none-eabi/14.3.1/../../../../arm-none-eabi/lib/thumb/v7e-m+fp/hard/libc_nano.a(libc_a-strcmp.o)
                0x10000040                strcmp
 *fill*         0x10000054        0xc 
 .text          0x10000060       0xa0 /opt/st/stm32cubeide_2.1.0/plugins/com.st.stm32cube.ide.mcu.externaltools.gnu-tools-for-stm32.14.3.rel1.linux64_1.0.100.202602081740/tools/bin/../lib/gcc/arm-none-eabi/14.3.1/../../../../arm-none-eabi/lib/thumb/v7e-m+fp/hard/libc_nano.a(libc_a-memchr.o)
                0x10000060                memchr
 *(.text*)
 .text.SystemInit
                0x10000100       0x4c ./Common/System/system_stm32mp1xx.o
                0x10000100                SystemInit
 .text.main     0x1000014c       0xec ./Core/Src/main.o
                0x1000014c                main
 .text.SystemClock_Config
                0x10000238      0x2ec ./Core/Src/main.o
                0x10000238                SystemClock_Config
 .text.PeriphCommonClock_Config
                0x10000524       0x5a ./Core/Src/main.o
                0x10000524                PeriphCommonClock_Config
 *fill*         0x1000057e        0x2 
 .text.MX_FDCAN1_Init
                0x10000580       0xc8 ./Core/Src/main.o
 .text.MX_IPCC_Init
                0x10000648       0x28 ./Core/Src/main.o
 .text.MX_DMA_Init
                0x10000670       0x22 ./Core/Src/main.o
 *fill*         0x10000692        0x2 
 .text.MX_GPIO_Init
                0x10000694       0xbc ./Core/Src/main.o
 .text.HAL_FDCAN_RxFifo0Callback
                0x10000750       0x60 ./Core/Src/main.o
                0x10000750                HAL_FDCAN_RxFifo0Callback
 .text.Error_Handler
                0x100007b0        0xc ./Core/Src/main.o
                0x100007b0                Error_Handler
 .text.HAL_MspInit
                0x100007bc       0x6c ./Core/Src/stm32mp1xx_hal_msp.o
                0x100007bc                HAL_MspInit
 .text.HAL_FDCAN_MspInit
                0x10000828      0x118 ./Core/Src/stm32mp1xx_hal_msp.o
                0x10000828                HAL_FDCAN_MspInit
 .text.HAL_IPCC_MspInit
                0x10000940       0x4c ./Core/Src/stm32mp1xx_hal_msp.o
                0x10000940                HAL_IPCC_MspInit
 .text.NMI_Handler
                0x1000098c        0x8 ./Core/Src/stm32mp1xx_it.o
                0x1000098c                NMI_Handler
 .text.HardFault_Handler
                0x10000994        0x8 ./Core/Src/stm32mp1xx_it.o
                0x10000994                HardFault_Handler
 .text.MemManage_Handler
                0x1000099c        0x8 ./Core/Src/stm32mp1xx_it.o
                0x1000099c                MemManage_Handler
 .text.BusFault_Handler
                0x100009a4        0x8 ./Core/Src/stm32mp1xx_it.o
                0x100009a4                BusFault_Handler
 .text.UsageFault_Handler
                0x100009ac        0x8 ./Core/Src/stm32mp1xx_it.o
                0x100009ac                UsageFault_Handler
 .text.SVC_Handler
                0x100009b4        0xe ./Core/Src/stm32mp1xx_it.o
                0x100009b4                SVC_Handler
 .text.DebugMon_Handler
                0x100009c2        0xe ./Core/Src/stm32mp1xx_it.o
                0x100009c2                DebugMon_Handler
 .text.PendSV_Handler
                0x100009d0        0xe ./Core/Src/stm32mp1xx_it.o
                0x100009d0                PendSV_Handler
 .text.SysTick_Handler
                0x100009de        0xc ./Core/Src/stm32mp1xx_it.o
                0x100009de                SysTick_Handler
 *fill*         0x100009ea        0x2 
 .text.FDCAN1_IT0_IRQHandler
                0x100009ec       0x14 ./Core/Src/stm32mp1xx_it.o
                0x100009ec                FDCAN1_IT0_IRQHandler
 .text.IPCC_RX1_IRQHandler
                0x10000a00       0x14 ./Core/Src/stm32mp1xx_it.o
                0x10000a00                IPCC_RX1_IRQHandler
 .text.IPCC_TX1_IRQHandler
                0x10000a14       0x14 ./Core/Src/stm32mp1xx_it.o
                0x10000a14                IPCC_TX1_IRQHandler
 .text.EXTI14_IRQHandler
                0x10000a28       0x10 ./Core/Src/stm32mp1xx_it.o
                0x10000a28                EXTI14_IRQHandler
 .text.RCC_WAKEUP_IRQHandler
                0x10000a38        0xc ./Core/Src/stm32mp1xx_it.o
                0x10000a38                RCC_WAKEUP_IRQHandler
 .text._getpid  0x10000a44       0x10 ./Core/Src/syscalls.o
                0x10000a44                _getpid
 .text._kill    0x10000a54       0x20 ./Core/Src/syscalls.o
                0x10000a54                _kill
 .text._exit    0x10000a74       0x16 ./Core/Src/syscalls.o
                0x10000a74                _exit
 .text._read    0x10000a8a       0x3a ./Core/Src/syscalls.o
                0x10000a8a                _read
 .text._write   0x10000ac4       0x38 ./Core/Src/syscalls.o
                0x10000ac4                _write
 .text._close   0x10000afc       0x18 ./Core/Src/syscalls.o
                0x10000afc                _close
 .text._fstat   0x10000b14       0x20 ./Core/Src/syscalls.o
                0x10000b14                _fstat
 .text._isatty  0x10000b34       0x16 ./Core/Src/syscalls.o
                0x10000b34                _isatty
 .text._lseek   0x10000b4a       0x1a ./Core/Src/syscalls.o
                0x10000b4a                _lseek
 .text._sbrk    0x10000b64       0x6c ./Core/Src/sysmem.o
                0x10000b64                _sbrk
 .text.Default_Handler
                0x10000bd0        0x2 ./Core/Startup/startup_stm32mp157facx.o
                0x10000bd0                EXTI2_IRQHandler
                0x10000bd0                TIM8_TRG_COM_IRQHandler
                0x10000bd0                TIM8_CC_IRQHandler
                0x10000bd0                EXTI5_IRQHandler
                0x10000bd0                UART8_IRQHandler
                0x10000bd0                SPI4_IRQHandler
                0x10000bd0                EXTI13_IRQHandler
                0x10000bd0                TIM1_CC_IRQHandler
                0x10000bd0                DMA2_Stream5_IRQHandler
                0x10000bd0                ETH1_WKUP_IRQHandler
                0x10000bd0                TAMP_IRQHandler
                0x10000bd0                DMA1_Stream5_IRQHandler
                0x10000bd0                TIM6_IRQHandler
                0x10000bd0                EXTI12_IRQHandler
                0x10000bd0                EXTI3_IRQHandler
                0x10000bd0                LPTIM4_IRQHandler
                0x10000bd0                EXTI8_IRQHandler
                0x10000bd0                LPTIM2_IRQHandler
                0x10000bd0                DFSDM1_FLT1_IRQHandler
                0x10000bd0                I2C3_ER_IRQHandler
                0x10000bd0                DFSDM1_FLT2_IRQHandler
                0x10000bd0                I2C5_EV_IRQHandler
                0x10000bd0                MDMA_IRQHandler
                0x10000bd0                LPTIM3_IRQHandler
                0x10000bd0                EXTI0_IRQHandler
                0x10000bd0                I2C2_EV_IRQHandler
                0x10000bd0                DMA1_Stream2_IRQHandler
                0x10000bd0                FPU_IRQHandler
                0x10000bd0                USBH_OHCI_IRQHandler
                0x10000bd0                FDCAN1_IT1_IRQHandler
                0x10000bd0                LTDC_ER_IRQHandler
                0x10000bd0                DMA2_Stream2_IRQHandler
                0x10000bd0                IPCC_RX0_IRQHandler
                0x10000bd0                OTG_IRQHandler
                0x10000bd0                SPI1_IRQHandler
                0x10000bd0                DCMI_IRQHandler
                0x10000bd0                TIM8_UP_IRQHandler
                0x10000bd0                DMA2_Stream3_IRQHandler
                0x10000bd0                USBH_EHCI_IRQHandler
                0x10000bd0                nCTIIRQ2_IRQHandler
                0x10000bd0                HASH1_IRQHandler
                0x10000bd0                GPU_IRQHandler
                0x10000bd0                SAI2_IRQHandler
                0x10000bd0                ADC1_IRQHandler
                0x10000bd0                RESERVED148_IRQHandler
                0x10000bd0                RTC_TIMESTAMP_IRQHandler
                0x10000bd0                DFSDM1_FLT3_IRQHandler
                0x10000bd0                USART6_IRQHandler
                0x10000bd0                EXTI15_IRQHandler
                0x10000bd0                TIM17_IRQHandler
                0x10000bd0                USART3_IRQHandler
                0x10000bd0                EXTI9_IRQHandler
                0x10000bd0                LPTIM5_IRQHandler
                0x10000bd0                UART5_IRQHandler
                0x10000bd0                DMA2_Stream0_IRQHandler
                0x10000bd0                TIM4_IRQHandler
                0x10000bd0                CRYP2_IRQHandler
                0x10000bd0                QUADSPI_IRQHandler
                0x10000bd0                I2C1_EV_IRQHandler
                0x10000bd0                DMA1_Stream6_IRQHandler
                0x10000bd0                RESERVED99_IRQHandler
                0x10000bd0                DMAMUX1_OVR_IRQHandler
                0x10000bd0                DMA1_Stream1_IRQHandler
                0x10000bd0                TIM16_IRQHandler
                0x10000bd0                UART4_IRQHandler
                0x10000bd0                TIM3_IRQHandler
                0x10000bd0                RCC_IRQHandler
                0x10000bd0                TIM1_TRG_COM_IRQHandler
                0x10000bd0                nCTIIRQ1_IRQHandler
                0x10000bd0                Default_Handler
                0x10000bd0                CEC_IRQHandler
                0x10000bd0                DFSDM1_FLT4_IRQHandler
                0x10000bd0                TIM14_IRQHandler
                0x10000bd0                I2C5_ER_IRQHandler
                0x10000bd0                TIM13_IRQHandler
                0x10000bd0                DMA1_Stream7_IRQHandler
                0x10000bd0                IPCC_TX0_IRQHandler
                0x10000bd0                SPI5_IRQHandler
                0x10000bd0                TIM12_IRQHandler
                0x10000bd0                TIM7_IRQHandler
                0x10000bd0                SDMMC1_IRQHandler
                0x10000bd0                TIM5_IRQHandler
                0x10000bd0                DMA2_Stream7_IRQHandler
                0x10000bd0                TIM15_IRQHandler
                0x10000bd0                PVD_AVD_IRQHandler
                0x10000bd0                I2C3_EV_IRQHandler
                0x10000bd0                SDMMC3_IRQHandler
                0x10000bd0                ETH1_IRQHandler
                0x10000bd0                LTDC_IRQHandler
                0x10000bd0                SAI3_IRQHandler
                0x10000bd0                SPDIF_RX_IRQHandler
                0x10000bd0                ADC2_IRQHandler
                0x10000bd0                SPI2_IRQHandler
                0x10000bd0                DFSDM1_FLT5_IRQHandler
                0x10000bd0                DMA1_Stream0_IRQHandler
                0x10000bd0                EXTI11_IRQHandler
                0x10000bd0                CRYP1_IRQHandler
                0x10000bd0                RNG2_IRQHandler
                0x10000bd0                RNG1_IRQHandler
                0x10000bd0                HASH2_IRQHandler
                0x10000bd0                EXTI4_IRQHandler
                0x10000bd0                ETH1_LPI_IRQHandler
                0x10000bd0                FDCAN2_IT1_IRQHandler
                0x10000bd0                DSI_IRQHandler
                0x10000bd0                TIM1_UP_IRQHandler
                0x10000bd0                HSEM_IT2_IRQHandler
                0x10000bd0                SPI6_IRQHandler
                0x10000bd0                MDIOS_IRQHandler
                0x10000bd0                I2C4_EV_IRQHandler
                0x10000bd0                FDCAN2_IT0_IRQHandler
                0x10000bd0                I2C6_ER_IRQHandler
                0x10000bd0                TIM2_IRQHandler
                0x10000bd0                EXTI7_IRQHandler
                0x10000bd0                TIM1_BRK_IRQHandler
                0x10000bd0                DAC_IRQHandler
                0x10000bd0                EXTI1_IRQHandler
                0x10000bd0                SDMMC2_IRQHandler
                0x10000bd0                DTS_IRQHandler
                0x10000bd0                UART7_IRQHandler
                0x10000bd0                USART2_IRQHandler
                0x10000bd0                I2C6_EV_IRQHandler
                0x10000bd0                DFSDM1_FLT0_IRQHandler
                0x10000bd0                SAI4_IRQHandler
                0x10000bd0                I2C2_ER_IRQHandler
                0x10000bd0                DMA2_Stream1_IRQHandler
                0x10000bd0                TIM8_BRK_IRQHandler
                0x10000bd0                WWDG1_IRQHandler
                0x10000bd0                DMA2_Stream4_IRQHandler
                0x10000bd0                USART1_IRQHandler
                0x10000bd0                RESERVED143_IRQHandler
                0x10000bd0                EXTI10_IRQHandler
                0x10000bd0                SPI3_IRQHandler
                0x10000bd0                WAKEUP_PIN_IRQHandler
                0x10000bd0                DMA1_Stream4_IRQHandler
                0x10000bd0                I2C1_ER_IRQHandler
                0x10000bd0                FMC_IRQHandler
                0x10000bd0                FDCAN_CAL_IRQHandler
                0x10000bd0                EXTI6_IRQHandler
                0x10000bd0                MPU_SEV_IRQHandler
                0x10000bd0                LPTIM1_IRQHandler
                0x10000bd0                RTC_WKUP_ALARM_IRQHandler
                0x10000bd0                I2C4_ER_IRQHandler
                0x10000bd0                DMA2_Stream6_IRQHandler
                0x10000bd0                SAI1_IRQHandler
                0x10000bd0                DMA1_Stream3_IRQHandler
                0x10000bd0                RESERVED4_IRQHandler
 *fill*         0x10000bd2        0x2 
 .text.HAL_Init
                0x10000bd4       0x34 ./Drivers/STM32MP1xx_HAL_Driver/stm32mp1xx_hal.o
                0x10000bd4                HAL_Init
 .text.HAL_InitTick
                0x10000c08       0x6c ./Drivers/STM32MP1xx_HAL_Driver/stm32mp1xx_hal.o
                0x10000c08                HAL_InitTick
 .text.HAL_IncTick
                0x10000c74       0x28 ./Drivers/STM32MP1xx_HAL_Driver/stm32mp1xx_hal.o
                0x10000c74                HAL_IncTick
 .text.HAL_GetTick
                0x10000c9c       0x18 ./Drivers/STM32MP1xx_HAL_Driver/stm32mp1xx_hal.o
                0x10000c9c                HAL_GetTick
 .text.__NVIC_SetPriorityGrouping
                0x10000cb4       0x48 ./Drivers/STM32MP1xx_HAL_Driver/stm32mp1xx_hal_cortex.o
 .text.__NVIC_GetPriorityGrouping
                0x10000cfc       0x1c ./Drivers/STM32MP1xx_HAL_Driver/stm32mp1xx_hal_cortex.o
 .text.__NVIC_EnableIRQ
                0x10000d18       0x3c ./Drivers/STM32MP1xx_HAL_Driver/stm32mp1xx_hal_cortex.o
 .text.__NVIC_SetPriority
                0x10000d54       0x54 ./Drivers/STM32MP1xx_HAL_Driver/stm32mp1xx_hal_cortex.o
 .text.NVIC_EncodePriority
                0x10000da8       0x66 ./Drivers/STM32MP1xx_HAL_Driver/stm32mp1xx_hal_cortex.o
 *fill*         0x10000e0e        0x2 
 .text.SysTick_Config
                0x10000e10       0x44 ./Drivers/STM32MP1xx_HAL_Driver/stm32mp1xx_hal_cortex.o
 .text.HAL_NVIC_SetPriorityGrouping
                0x10000e54       0x16 ./Drivers/STM32MP1xx_HAL_Driver/stm32mp1xx_hal_cortex.o
                0x10000e54                HAL_NVIC_SetPriorityGrouping
 .text.HAL_NVIC_SetPriority
                0x10000e6a       0x38 ./Drivers/STM32MP1xx_HAL_Driver/stm32mp1xx_hal_cortex.o
                0x10000e6a                HAL_NVIC_SetPriority
 .text.HAL_NVIC_EnableIRQ
                0x10000ea2       0x1c ./Drivers/STM32MP1xx_HAL_Driver/stm32mp1xx_hal_cortex.o
                0x10000ea2                HAL_NVIC_EnableIRQ
 .text.HAL_SYSTICK_Config
                0x10000ebe       0x18 ./Drivers/STM32MP1xx_HAL_Driver/stm32mp1xx_hal_cortex.o
                0x10000ebe                HAL_SYSTICK_Config
 *fill*         0x10000ed6        0x2 
 .text.HAL_FDCAN_Init
                0x10000ed8      0x3bc ./Drivers/STM32MP1xx_HAL_Driver/stm32mp1xx_hal_fdcan.o
                0x10000ed8                HAL_FDCAN_Init
 .text.HAL_FDCAN_ConfigGlobalFilter
                0x10001294       0x5a ./Drivers/STM32MP1xx_HAL_Driver/stm32mp1xx_hal_fdcan.o
                0x10001294                HAL_FDCAN_ConfigGlobalFilter
 .text.HAL_FDCAN_Start
                0x100012ee       0x56 ./Drivers/STM32MP1xx_HAL_Driver/stm32mp1xx_hal_fdcan.o
                0x100012ee                HAL_FDCAN_Start
 .text.HAL_FDCAN_GetRxMessage
                0x10001344      0x280 ./Drivers/STM32MP1xx_HAL_Driver/stm32mp1xx_hal_fdcan.o
                0x10001344                HAL_FDCAN_GetRxMessage
 .text.HAL_FDCAN_ActivateNotification
                0x100015c4       0xf4 ./Drivers/STM32MP1xx_HAL_Driver/stm32mp1xx_hal_fdcan.o
                0x100015c4                HAL_FDCAN_ActivateNotification
 .text.HAL_FDCAN_IRQHandler
                0x100016b8      0x4cc ./Drivers/STM32MP1xx_HAL_Driver/stm32mp1xx_hal_fdcan.o
                0x100016b8                HAL_FDCAN_IRQHandler
 .text.HAL_FDCAN_ClockCalibrationCallback
                0x10001b84       0x16 ./Drivers/STM32MP1xx_HAL_Driver/stm32mp1xx_hal_fdcan.o
                0x10001b84                HAL_FDCAN_ClockCalibrationCallback
 .text.HAL_FDCAN_TxEventFifoCallback
                0x10001b9a       0x16 ./Drivers/STM32MP1xx_HAL_Driver/stm32mp1xx_hal_fdcan.o
                0x10001b9a                HAL_FDCAN_TxEventFifoCallback
 .text.HAL_FDCAN_RxFifo1Callback
                0x10001bb0       0x16 ./Drivers/STM32MP1xx_HAL_Driver/stm32mp1xx_hal_fdcan.o
                0x10001bb0                HAL_FDCAN_RxFifo1Callback
 .text.HAL_FDCAN_TxFifoEmptyCallback
                0x10001bc6       0x14 ./Drivers/STM32MP1xx_HAL_Driver/stm32mp1xx_hal_fdcan.o
                0x10001bc6                HAL_FDCAN_TxFifoEmptyCallback
 .text.HAL_FDCAN_TxBufferCompleteCallback
                0x10001bda       0x16 ./Drivers/STM32MP1xx_HAL_Driver/stm32mp1xx_hal_fdcan.o
                0x10001bda                HAL_FDCAN_TxBufferCompleteCallback
 .text.HAL_FDCAN_TxBufferAbortCallback
                0x10001bf0       0x16 ./Drivers/STM32MP1xx_HAL_Driver/stm32mp1xx_hal_fdcan.o
                0x10001bf0                HAL_FDCAN_TxBufferAbortCallback
 .text.HAL_FDCAN_RxBufferNewMessageCallback
                0x10001c06       0x14 ./Drivers/STM32MP1xx_HAL_Driver/stm32mp1xx_hal_fdcan.o
                0x10001c06                HAL_FDCAN_RxBufferNewMessageCallback
 .text.HAL_FDCAN_TimestampWraparoundCallback
                0x10001c1a       0x14 ./Drivers/STM32MP1xx_HAL_Driver/stm32mp1xx_hal_fdcan.o
                0x10001c1a                HAL_FDCAN_TimestampWraparoundCallback
 .text.HAL_FDCAN_TimeoutOccurredCallback
                0x10001c2e       0x14 ./Drivers/STM32MP1xx_HAL_Driver/stm32mp1xx_hal_fdcan.o
                0x10001c2e                HAL_FDCAN_TimeoutOccurredCallback
 .text.HAL_FDCAN_HighPriorityMessageCallback
                0x10001c42       0x14 ./Drivers/STM32MP1xx_HAL_Driver/stm32mp1xx_hal_fdcan.o
                0x10001c42                HAL_FDCAN_HighPriorityMessageCallback
 .text.HAL_FDCAN_ErrorCallback
                0x10001c56       0x14 ./Drivers/STM32MP1xx_HAL_Driver/stm32mp1xx_hal_fdcan.o
                0x10001c56                HAL_FDCAN_ErrorCallback
 .text.HAL_FDCAN_ErrorStatusCallback
                0x10001c6a       0x16 ./Drivers/STM32MP1xx_HAL_Driver/stm32mp1xx_hal_fdcan.o
                0x10001c6a                HAL_FDCAN_ErrorStatusCallback
 .text.HAL_FDCAN_TT_ScheduleSyncCallback
                0x10001c80       0x16 ./Drivers/STM32MP1xx_HAL_Driver/stm32mp1xx_hal_fdcan.o
                0x10001c80                HAL_FDCAN_TT_ScheduleSyncCallback
 .text.HAL_FDCAN_TT_TimeMarkCallback
                0x10001c96       0x16 ./Drivers/STM32MP1xx_HAL_Driver/stm32mp1xx_hal_fdcan.o
                0x10001c96                HAL_FDCAN_TT_TimeMarkCallback
 .text.HAL_FDCAN_TT_StopWatchCallback
                0x10001cac       0x18 ./Drivers/STM32MP1xx_HAL_Driver/stm32mp1xx_hal_fdcan.o
                0x10001cac                HAL_FDCAN_TT_StopWatchCallback
 .text.HAL_FDCAN_TT_GlobalTimeCallback
                0x10001cc4       0x16 ./Drivers/STM32MP1xx_HAL_Driver/stm32mp1xx_hal_fdcan.o
                0x10001cc4                HAL_FDCAN_TT_GlobalTimeCallback
 *fill*         0x10001cda        0x2 
 .text.FDCAN_CalcultateRamBlockAddresses
                0x10001cdc      0x320 ./Drivers/STM32MP1xx_HAL_Driver/stm32mp1xx_hal_fdcan.o
 .text.HAL_GPIO_Init
                0x10001ffc      0x354 ./Drivers/STM32MP1xx_HAL_Driver/stm32mp1xx_hal_gpio.o
                0x10001ffc                HAL_GPIO_Init
 .text.HAL_GPIO_WritePin
                0x10002350       0x32 ./Drivers/STM32MP1xx_HAL_Driver/stm32mp1xx_hal_gpio.o
                0x10002350                HAL_GPIO_WritePin
 *fill*         0x10002382        0x2 
 .text.HAL_GPIO_EXTI_IRQHandler
                0x10002384       0x4c ./Drivers/STM32MP1xx_HAL_Driver/stm32mp1xx_hal_gpio.o
                0x10002384                HAL_GPIO_EXTI_IRQHandler
 .text.HAL_GPIO_EXTI_Rising_Callback
                0x100023d0       0x16 ./Drivers/STM32MP1xx_HAL_Driver/stm32mp1xx_hal_gpio.o
                0x100023d0                HAL_GPIO_EXTI_Rising_Callback
 .text.HAL_GPIO_EXTI_Falling_Callback
                0x100023e6       0x16 ./Drivers/STM32MP1xx_HAL_Driver/stm32mp1xx_hal_gpio.o
                0x100023e6                HAL_GPIO_EXTI_Falling_Callback
 .text.HAL_IPCC_Init
                0x100023fc       0x64 ./Drivers/STM32MP1xx_HAL_Driver/stm32mp1xx_hal_ipcc.o
                0x100023fc                HAL_IPCC_Init
 .text.HAL_IPCC_ActivateNotification
                0x10002460       0x9c ./Drivers/STM32MP1xx_HAL_Driver/stm32mp1xx_hal_ipcc.o
                0x10002460                HAL_IPCC_ActivateNotification
 .text.HAL_IPCC_GetChannelStatus
                0x100024fc       0x68 ./Drivers/STM32MP1xx_HAL_Driver/stm32mp1xx_hal_ipcc.o
                0x100024fc                HAL_IPCC_GetChannelStatus
 .text.HAL_IPCC_NotifyCPU
                0x10002564       0x8c ./Drivers/STM32MP1xx_HAL_Driver/stm32mp1xx_hal_ipcc.o
                0x10002564                HAL_IPCC_NotifyCPU
 .text.HAL_IPCC_TX_IRQHandler
                0x100025f0       0x9c ./Drivers/STM32MP1xx_HAL_Driver/stm32mp1xx_hal_ipcc.o
                0x100025f0                HAL_IPCC_TX_IRQHandler
 .text.HAL_IPCC_RX_IRQHandler
                0x1000268c       0x98 ./Drivers/STM32MP1xx_HAL_Driver/stm32mp1xx_hal_ipcc.o
                0x1000268c                HAL_IPCC_RX_IRQHandler
 .text.HAL_IPCC_RxCallback
                0x10002724       0x1a ./Drivers/STM32MP1xx_HAL_Driver/stm32mp1xx_hal_ipcc.o
                0x10002724                HAL_IPCC_RxCallback
 .text.HAL_IPCC_TxCallback
                0x1000273e       0x1a ./Drivers/STM32MP1xx_HAL_Driver/stm32mp1xx_hal_ipcc.o
                0x1000273e                HAL_IPCC_TxCallback
 .text.IPCC_UnmaskInterrupt
                0x10002758       0x5c ./Drivers/STM32MP1xx_HAL_Driver/stm32mp1xx_hal_ipcc.o
                0x10002758                IPCC_UnmaskInterrupt
 .text.IPCC_SetDefaultCallbacks
                0x100027b4       0x4c ./Drivers/STM32MP1xx_HAL_Driver/stm32mp1xx_hal_ipcc.o
                0x100027b4                IPCC_SetDefaultCallbacks
 .text.IPCC_Reset_Register
                0x10002800       0x28 ./Drivers/STM32MP1xx_HAL_Driver/stm32mp1xx_hal_ipcc.o
                0x10002800                IPCC_Reset_Register
 .text.HAL_PWR_EnableBkUpAccess
                0x10002828       0x20 ./Drivers/STM32MP1xx_HAL_Driver/stm32mp1xx_hal_pwr.o
                0x10002828                HAL_PWR_EnableBkUpAccess
 .text.HAL_RCC_OscConfig
                0x10002848      0x664 ./Drivers/STM32MP1xx_HAL_Driver/stm32mp1xx_hal_rcc.o
                0x10002848                HAL_RCC_OscConfig
 .text.HAL_RCC_HSEConfig
                0x10002eac       0xd6 ./Drivers/STM32MP1xx_HAL_Driver/stm32mp1xx_hal_rcc.o
                0x10002eac                HAL_RCC_HSEConfig
 .text.HAL_RCC_LSEConfig
                0x10002f82       0xfa ./Drivers/STM32MP1xx_HAL_Driver/stm32mp1xx_hal_rcc.o
                0x10002f82                HAL_RCC_LSEConfig
 .text.RCC_PLL1_Config
                0x1000307c      0x308 ./Drivers/STM32MP1xx_HAL_Driver/stm32mp1xx_hal_rcc.o
                0x1000307c                RCC_PLL1_Config
 .text.HAL_RCC_ClockConfig
                0x10003384      0x224 ./Drivers/STM32MP1xx_HAL_Driver/stm32mp1xx_hal_rcc.o
                0x10003384                HAL_RCC_ClockConfig
 .text.RCC_MPUConfig
                0x100035a8       0xec ./Drivers/STM32MP1xx_HAL_Driver/stm32mp1xx_hal_rcc.o
                0x100035a8                RCC_MPUConfig
 .text.RCC_AXISSConfig
                0x10003694      0x12e ./Drivers/STM32MP1xx_HAL_Driver/stm32mp1xx_hal_rcc.o
                0x10003694                RCC_AXISSConfig
 *fill*         0x100037c2        0x2 
 .text.RCC_MCUConfig
                0x100037c4      0x150 ./Drivers/STM32MP1xx_HAL_Driver/stm32mp1xx_hal_rcc.o
                0x100037c4                RCC_MCUConfig
 .text.HAL_RCC_GetPLL3ClockFreq
                0x10003914      0x1f4 ./Drivers/STM32MP1xx_HAL_Driver/stm32mp1xx_hal_rcc.o
                0x10003914                HAL_RCC_GetPLL3ClockFreq
 .text.HAL_RCC_GetMCUFreq
                0x10003b08       0x36 ./Drivers/STM32MP1xx_HAL_Driver/stm32mp1xx_hal_rcc.o
                0x10003b08                HAL_RCC_GetMCUFreq
 .text.HAL_RCC_GetSystemCoreClockFreq
                0x10003b3e        0xe ./Drivers/STM32MP1xx_HAL_Driver/stm32mp1xx_hal_rcc.o
                0x10003b3e                HAL_RCC_GetSystemCoreClockFreq
 .text.HAL_RCC_GetMCUSSFreq
                0x10003b4c       0x74 ./Drivers/STM32MP1xx_HAL_Driver/stm32mp1xx_hal_rcc.o
                0x10003b4c                HAL_RCC_GetMCUSSFreq
 .text.HAL_RCC_WAKEUP_IRQHandler
                0x10003bc0       0x2a ./Drivers/STM32MP1xx_HAL_Driver/stm32mp1xx_hal_rcc.o
                0x10003bc0                HAL_RCC_WAKEUP_IRQHandler
 .text.HAL_RCC_WAKEUP_Callback
                0x10003bea        0xe ./Drivers/STM32MP1xx_HAL_Driver/stm32mp1xx_hal_rcc.o
                0x10003bea                HAL_RCC_WAKEUP_Callback
 .text.RCCEx_PLL2_Config
                0x10003bf8      0x304 ./Drivers/STM32MP1xx_HAL_Driver/stm32mp1xx_hal_rcc_ex.o
                0x10003bf8                RCCEx_PLL2_Config
 .text.RCCEx_PLL3_Config
                0x10003efc      0x2d4 ./Drivers/STM32MP1xx_HAL_Driver/stm32mp1xx_hal_rcc_ex.o
                0x10003efc                RCCEx_PLL3_Config
 .text.RCCEx_PLL4_Config
                0x100041d0      0x2b0 ./Drivers/STM32MP1xx_HAL_Driver/stm32mp1xx_hal_rcc_ex.o
                0x100041d0                RCCEx_PLL4_Config
 .text.HAL_RCCEx_PeriphCLKConfig
                0x10004480     0x1d28 ./Drivers/STM32MP1xx_HAL_Driver/stm32mp1xx_hal_rcc_ex.o
                0x10004480                HAL_RCCEx_PeriphCLKConfig
 .text.metal_list_init
                0x100061a8       0x20 ./Middlewares/Third_Party/OpenAMP/device.o
 .text.metal_list_add_before
                0x100061c8       0x34 ./Middlewares/Third_Party/OpenAMP/device.o
 .text.metal_list_add_tail
                0x100061fc       0x1a ./Middlewares/Third_Party/OpenAMP/device.o
 .text.__metal_cache_flush
                0x10006216       0x1a ./Middlewares/Third_Party/OpenAMP/device.o
 .text.__metal_cache_invalidate
                0x10006230       0x1a ./Middlewares/Third_Party/OpenAMP/device.o
 .text.metal_cache_flush
                0x1000624a       0x1a ./Middlewares/Third_Party/OpenAMP/device.o
 .text.metal_cache_invalidate
                0x10006264       0x1a ./Middlewares/Third_Party/OpenAMP/device.o
 *fill*         0x1000627e        0x2 
 .text.metal_bus_register
                0x10006280       0x88 ./Middlewares/Third_Party/OpenAMP/device.o
                0x10006280                metal_bus_register
 .text.metal_bus_find
                0x10006308       0x5c ./Middlewares/Third_Party/OpenAMP/device.o
                0x10006308                metal_bus_find
 .text.metal_device_open
                0x10006364       0x7c ./Middlewares/Third_Party/OpenAMP/device.o
                0x10006364                metal_device_open
 .text.metal_register_generic_device
                0x100063e0       0x4c ./Middlewares/Third_Party/OpenAMP/device.o
                0x100063e0                metal_register_generic_device
 .text.metal_generic_dev_open
                0x1000642c       0x60 ./Middlewares/Third_Party/OpenAMP/device.o
                0x1000642c                metal_generic_dev_open
 .text.metal_generic_dev_dma_map
                0x1000648c       0xa2 ./Middlewares/Third_Party/OpenAMP/device.o
                0x1000648c                metal_generic_dev_dma_map
 .text.metal_generic_dev_dma_unmap
                0x1000652e       0x56 ./Middlewares/Third_Party/OpenAMP/device.o
                0x1000652e                metal_generic_dev_dma_unmap
 .text.metal_generic_dev_sys_open
                0x10006584       0x4e ./Middlewares/Third_Party/OpenAMP/generic_device.o
                0x10006584                metal_generic_dev_sys_open
 *fill*         0x100065d2        0x2 
 .text.metal_sys_init
                0x100065d4       0x1c ./Middlewares/Third_Party/OpenAMP/generic_init.o
                0x100065d4                metal_sys_init
 .text.metal_sys_io_mem_map
                0x100065f0       0x7c ./Middlewares/Third_Party/OpenAMP/generic_io.o
                0x100065f0                metal_sys_io_mem_map
 .text.metal_list_init
                0x1000666c       0x20 ./Middlewares/Third_Party/OpenAMP/init.o
 .text.metal_init
                0x1000668c       0x64 ./Middlewares/Third_Party/OpenAMP/init.o
                0x1000668c                metal_init
 .text.metal_io_virt
                0x100066f0       0x38 ./Middlewares/Third_Party/OpenAMP/io.o
 .text.metal_io_init
                0x10006728       0x9a ./Middlewares/Third_Party/OpenAMP/io.o
                0x10006728                metal_io_init
 .text.metal_io_block_read
                0x100067c2       0xea ./Middlewares/Third_Party/OpenAMP/io.o
                0x100067c2                metal_io_block_read
 .text.metal_io_block_write
                0x100068ac       0xe8 ./Middlewares/Third_Party/OpenAMP/io.o
                0x100068ac                metal_io_block_write
 .text.metal_default_log_handler
                0x10006994       0x1a ./Middlewares/Third_Party/OpenAMP/log.o
                0x10006994                metal_default_log_handler
 .text.metal_io_virt
                0x100069ae       0x38 ./Middlewares/Third_Party/OpenAMP/remoteproc_virtio.o
 .text.metal_io_virt_to_offset
                0x100069e6       0x32 ./Middlewares/Third_Party/OpenAMP/remoteproc_virtio.o
 .text.metal_io_read
                0x10006a18      0x104 ./Middlewares/Third_Party/OpenAMP/remoteproc_virtio.o
 .text.metal_allocate_memory
                0x10006b1c       0x18 ./Middlewares/Third_Party/OpenAMP/remoteproc_virtio.o
 .text.metal_free_memory
                0x10006b34       0x16 ./Middlewares/Third_Party/OpenAMP/remoteproc_virtio.o
 .text.virtqueue_allocate
                0x10006b4a       0x32 ./Middlewares/Third_Party/OpenAMP/remoteproc_virtio.o
 .text.rproc_virtio_virtqueue_notify
                0x10006b7c       0x68 ./Middlewares/Third_Party/OpenAMP/remoteproc_virtio.o
 .text.rproc_virtio_get_status
                0x10006be4       0x44 ./Middlewares/Third_Party/OpenAMP/remoteproc_virtio.o
 .text.rproc_virtio_get_dfeatures
                0x10006c28       0x44 ./Middlewares/Third_Party/OpenAMP/remoteproc_virtio.o
 .text.rproc_virtio_get_features
                0x10006c6c       0x50 ./Middlewares/Third_Party/OpenAMP/remoteproc_virtio.o
 .text.rproc_virtio_read_config
                0x10006cbc       0x66 ./Middlewares/Third_Party/OpenAMP/remoteproc_virtio.o
 *fill*         0x10006d22        0x2 
 .text.rproc_virtio_create_vdev
                0x10006d24      0x15c ./Middlewares/Third_Party/OpenAMP/remoteproc_virtio.o
                0x10006d24                rproc_virtio_create_vdev
 .text.rproc_virtio_init_vring
                0x10006e80       0x62 ./Middlewares/Third_Party/OpenAMP/remoteproc_virtio.o
                0x10006e80                rproc_virtio_init_vring
 .text.rproc_virtio_wait_remote_ready
                0x10006ee2       0x32 ./Middlewares/Third_Party/OpenAMP/remoteproc_virtio.o
                0x10006ee2                rproc_virtio_wait_remote_ready
 .text.metal_list_add_before
                0x10006f14       0x34 ./Middlewares/Third_Party/OpenAMP/rpmsg.o
 .text.metal_list_add_tail
                0x10006f48       0x1a ./Middlewares/Third_Party/OpenAMP/rpmsg.o
 .text.rpmsg_get_endpoint
                0x10006f62       0xc0 ./Middlewares/Third_Party/OpenAMP/rpmsg.o
                0x10006f62                rpmsg_get_endpoint
 .text.rpmsg_register_endpoint
                0x10007022       0x26 ./Middlewares/Third_Party/OpenAMP/rpmsg.o
                0x10007022                rpmsg_register_endpoint
 .text.__metal_sleep_usec
                0x10007048       0x16 ./Middlewares/Third_Party/OpenAMP/rpmsg_virtio.o
 .text.metal_sleep_usec
                0x1000705e       0x18 ./Middlewares/Third_Party/OpenAMP/rpmsg_virtio.o
 .text.metal_list_init
                0x10007076       0x20 ./Middlewares/Third_Party/OpenAMP/rpmsg_virtio.o
 .text.metal_io_virt_to_offset
                0x10007096       0x32 ./Middlewares/Third_Party/OpenAMP/rpmsg_virtio.o
 .text.__metal_mutex_init
                0x100070c8       0x2c ./Middlewares/Third_Party/OpenAMP/rpmsg_virtio.o
 .text.__metal_mutex_acquire
                0x100070f4       0x5c ./Middlewares/Third_Party/OpenAMP/rpmsg_virtio.o
 .text.__metal_mutex_release
                0x10007150       0x2c ./Middlewares/Third_Party/OpenAMP/rpmsg_virtio.o
 .text.metal_mutex_init
                0x1000717c       0x16 ./Middlewares/Third_Party/OpenAMP/rpmsg_virtio.o
 .text.metal_mutex_acquire
                0x10007192       0x16 ./Middlewares/Third_Party/OpenAMP/rpmsg_virtio.o
 .text.metal_mutex_release
                0x100071a8       0x16 ./Middlewares/Third_Party/OpenAMP/rpmsg_virtio.o
 .text.rpmsg_virtio_get_role
                0x100071be       0x1a ./Middlewares/Third_Party/OpenAMP/rpmsg_virtio.o
 .text.rpmsg_virtio_set_status
                0x100071d8       0x26 ./Middlewares/Third_Party/OpenAMP/rpmsg_virtio.o
 .text.rpmsg_virtio_get_status
                0x100071fe       0x22 ./Middlewares/Third_Party/OpenAMP/rpmsg_virtio.o
 .text.rpmsg_virtio_get_features
                0x10007220       0x22 ./Middlewares/Third_Party/OpenAMP/rpmsg_virtio.o
 .text.rpmsg_virtio_create_virtqueues
                0x10007242       0x2a ./Middlewares/Third_Party/OpenAMP/rpmsg_virtio.o
 .text.rpmsg_initialize_ept
                0x1000726c       0x48 ./Middlewares/Third_Party/OpenAMP/rpmsg_virtio.o
 .text.rpmsg_get_ept_from_addr
                0x100072b4       0x22 ./Middlewares/Third_Party/OpenAMP/rpmsg_virtio.o
 .text.rpmsg_virtio_init_shm_pool
                0x100072d6       0x32 ./Middlewares/Third_Party/OpenAMP/rpmsg_virtio.o
                0x100072d6                rpmsg_virtio_init_shm_pool
 .text.rpmsg_virtio_return_buffer
                0x10007308       0x32 ./Middlewares/Third_Party/OpenAMP/rpmsg_virtio.o
 .text.rpmsg_virtio_enqueue_buffer
                0x1000733a       0x3a ./Middlewares/Third_Party/OpenAMP/rpmsg_virtio.o
 .text.rpmsg_virtio_get_tx_buffer
                0x10007374       0x3a ./Middlewares/Third_Party/OpenAMP/rpmsg_virtio.o
 .text.rpmsg_virtio_get_rx_buffer
                0x100073ae       0x38 ./Middlewares/Third_Party/OpenAMP/rpmsg_virtio.o
 .text.rpmsg_virtio_wait_remote_ready
                0x100073e6       0x3a ./Middlewares/Third_Party/OpenAMP/rpmsg_virtio.o
 .text.rpmsg_virtio_hold_rx_buffer
                0x10007420       0x28 ./Middlewares/Third_Party/OpenAMP/rpmsg_virtio.o
 .text.rpmsg_virtio_release_rx_buffer
                0x10007448       0x52 ./Middlewares/Third_Party/OpenAMP/rpmsg_virtio.o
 .text.rpmsg_virtio_get_tx_payload_buffer
                0x1000749a       0xa4 ./Middlewares/Third_Party/OpenAMP/rpmsg_virtio.o
 *fill*         0x1000753e        0x2 
 .text.rpmsg_virtio_send_offchannel_nocopy
                0x10007540       0xd8 ./Middlewares/Third_Party/OpenAMP/rpmsg_virtio.o
 .text.rpmsg_virtio_send_offchannel_raw
                0x10007618       0x98 ./Middlewares/Third_Party/OpenAMP/rpmsg_virtio.o
 .text.rpmsg_virtio_tx_callback
                0x100076b0       0x14 ./Middlewares/Third_Party/OpenAMP/rpmsg_virtio.o
 .text.rpmsg_virtio_rx_callback
                0x100076c4      0x124 ./Middlewares/Third_Party/OpenAMP/rpmsg_virtio.o
 .text.rpmsg_virtio_ns_callback
                0x100077e8       0xe6 ./Middlewares/Third_Party/OpenAMP/rpmsg_virtio.o
 *fill*         0x100078ce        0x2 
 .text.rpmsg_init_vdev
                0x100078d0      0x190 ./Middlewares/Third_Party/OpenAMP/rpmsg_virtio.o
                0x100078d0                rpmsg_init_vdev
 .text.metal_machine_cache_flush
                0x10007a60       0x16 ./Middlewares/Third_Party/OpenAMP/sys.o
                0x10007a60                metal_machine_cache_flush
 .text.metal_machine_cache_invalidate
                0x10007a76       0x16 ./Middlewares/Third_Party/OpenAMP/sys.o
                0x10007a76                metal_machine_cache_invalidate
 .text.metal_machine_io_mem_map
                0x10007a8c       0x1c ./Middlewares/Third_Party/OpenAMP/sys.o
                0x10007a8c                metal_machine_io_mem_map
 .text.virtio_create_virtqueues
                0x10007aa8       0x9c ./Middlewares/Third_Party/OpenAMP/virtio.o
                0x10007aa8                virtio_create_virtqueues
 .text.vring_init
                0x10007b44       0x52 ./Middlewares/Third_Party/OpenAMP/virtqueue.o
 .text.vring_need_event
                0x10007b96       0x3c ./Middlewares/Third_Party/OpenAMP/virtqueue.o
 .text.metal_io_virt
                0x10007bd2       0x38 ./Middlewares/Third_Party/OpenAMP/virtqueue.o
 .text.metal_io_phys
                0x10007c0a       0x6e ./Middlewares/Third_Party/OpenAMP/virtqueue.o
 .text.metal_io_phys_to_offset
                0x10007c78       0x76 ./Middlewares/Third_Party/OpenAMP/virtqueue.o
 .text.metal_io_phys_to_virt
                0x10007cee       0x26 ./Middlewares/Third_Party/OpenAMP/virtqueue.o
 .text.virtqueue_phys_to_virt
                0x10007d14       0x22 ./Middlewares/Third_Party/OpenAMP/virtqueue.o
 .text.virtqueue_create
                0x10007d36       0x62 ./Middlewares/Third_Party/OpenAMP/virtqueue.o
                0x10007d36                virtqueue_create
 .text.virtqueue_get_buffer_length
                0x10007d98       0x24 ./Middlewares/Third_Party/OpenAMP/virtqueue.o
                0x10007d98                virtqueue_get_buffer_length
 .text.virtqueue_get_available_buffer
                0x10007dbc       0x90 ./Middlewares/Third_Party/OpenAMP/virtqueue.o
                0x10007dbc                virtqueue_get_available_buffer
 .text.virtqueue_add_consumed_buffer
                0x10007e4c       0x84 ./Middlewares/Third_Party/OpenAMP/virtqueue.o
                0x10007e4c                virtqueue_add_consumed_buffer
 .text.virtqueue_disable_cb
                0x10007ed0       0x70 ./Middlewares/Third_Party/OpenAMP/virtqueue.o
                0x10007ed0                virtqueue_disable_cb
 .text.virtqueue_kick
                0x10007f40       0x2c ./Middlewares/Third_Party/OpenAMP/virtqueue.o
                0x10007f40                virtqueue_kick
 .text.vq_ring_init
                0x10007f6c       0x2c ./Middlewares/Third_Party/OpenAMP/virtqueue.o
 .text.vq_ring_must_notify
                0x10007f98       0x94 ./Middlewares/Third_Party/OpenAMP/virtqueue.o
 .text.vq_ring_notify
                0x1000802c       0x20 ./Middlewares/Third_Party/OpenAMP/virtqueue.o
 .text.MAILBOX_Init
                0x1000804c       0x48 ./OPENAMP/mbox_ipcc.o
                0x1000804c                MAILBOX_Init
 .text.MAILBOX_Notify
                0x10008094       0x64 ./OPENAMP/mbox_ipcc.o
                0x10008094                MAILBOX_Notify
 .text.IPCC_channel1_callback
                0x100080f8       0x2c ./OPENAMP/mbox_ipcc.o
                0x100080f8                IPCC_channel1_callback
 .text.IPCC_channel2_callback
                0x10008124       0x2c ./OPENAMP/mbox_ipcc.o
                0x10008124                IPCC_channel2_callback
 .text.metal_device_io_region
                0x10008150       0x36 ./OPENAMP/openamp.o
 *fill*         0x10008186        0x2 
 .text.OPENAMP_shmem_init
                0x10008188      0x140 ./OPENAMP/openamp.o
 .text.MX_OPENAMP_Init
                0x100082c8      0x128 ./OPENAMP/openamp.o
                0x100082c8                MX_OPENAMP_Init
 .text.resource_table_init
                0x100083f0       0x28 ./OPENAMP/rsc_table.o
                0x100083f0                resource_table_init
 .text.__assert_func
                0x10008418       0x3c /opt/st/stm32cubeide_2.1.0/plugins/com.st.stm32cube.ide.mcu.externaltools.gnu-tools-for-stm32.14.3.rel1.linux64_1.0.100.202602081740/tools/bin/../lib/gcc/arm-none-eabi/14.3.1/../../../../arm-none-eabi/lib/thumb/v7e-m+fp/hard/libc_nano.a(libc_a-assert.o)
                0x10008418                __assert_func
 .text.malloc   0x10008454       0x10 /opt/st/stm32cubeide_2.1.0/plugins/com.st.stm32cube.ide.mcu.externaltools.gnu-tools-for-stm32.14.3.rel1.linux64_1.0.100.202602081740/tools/bin/../lib/gcc/arm-none-eabi/14.3.1/../../../../arm-none-eabi/lib/thumb/v7e-m+fp/hard/libc_nano.a(libc_a-malloc.o)
                0x10008454                malloc
 .text.free     0x10008464       0x10 /opt/st/stm32cubeide_2.1.0/plugins/com.st.stm32cube.ide.mcu.externaltools.gnu-tools-for-stm32.14.3.rel1.linux64_1.0.100.202602081740/tools/bin/../lib/gcc/arm-none-eabi/14.3.1/../../../../arm-none-eabi/lib/thumb/v7e-m+fp/hard/libc_nano.a(libc_a-malloc.o)
                0x10008464                free
 .text.sbrk_aligned
                0x10008474       0x44 /opt/st/stm32cubeide_2.1.0/plugins/com.st.stm32cube.ide.mcu.externaltools.gnu-tools-for-stm32.14.3.rel1.linux64_1.0.100.202602081740/tools/bin/../lib/gcc/arm-none-eabi/14.3.1/../../../../arm-none-eabi/lib/thumb/v7e-m+fp/hard/libc_nano.a(libc_a-mallocr.o)
 .text._malloc_r
                0x100084b8      0x100 /opt/st/stm32cubeide_2.1.0/plugins/com.st.stm32cube.ide.mcu.externaltools.gnu-tools-for-stm32.14.3.rel1.linux64_1.0.100.202602081740/tools/bin/../lib/gcc/arm-none-eabi/14.3.1/../../../../arm-none-eabi/lib/thumb/v7e-m+fp/hard/libc_nano.a(libc_a-mallocr.o)
                0x100084b8                _malloc_r
 .text.__malloc_lock
                0x100085b8        0xc /opt/st/stm32cubeide_2.1.0/plugins/com.st.stm32cube.ide.mcu.externaltools.gnu-tools-for-stm32.14.3.rel1.linux64_1.0.100.202602081740/tools/bin/../lib/gcc/arm-none-eabi/14.3.1/../../../../arm-none-eabi/lib/thumb/v7e-m+fp/hard/libc_nano.a(libc_a-mlock.o)
                0x100085b8                __malloc_lock
 .text.__malloc_unlock
                0x100085c4        0xc /opt/st/stm32cubeide_2.1.0/plugins/com.st.stm32cube.ide.mcu.externaltools.gnu-tools-for-stm32.14.3.rel1.linux64_1.0.100.202602081740/tools/bin/../lib/gcc/arm-none-eabi/14.3.1/../../../../arm-none-eabi/lib/thumb/v7e-m+fp/hard/libc_nano.a(libc_a-mlock.o)
                0x100085c4                __malloc_unlock
 .text.std      0x100085d0       0x6c /opt/st/stm32cubeide_2.1.0/plugins/com.st.stm32cube.ide.mcu.externaltools.gnu-tools-for-stm32.14.3.rel1.linux64_1.0.100.202602081740/tools/bin/../lib/gcc/arm-none-eabi/14.3.1/../../../../arm-none-eabi/lib/thumb/v7e-m+fp/hard/libc_nano.a(libc_a-findfp.o)
 .text.stdio_exit_handler
                0x1000863c       0x18 /opt/st/stm32cubeide_2.1.0/plugins/com.st.stm32cube.ide.mcu.externaltools.gnu-tools-for-stm32.14.3.rel1.linux64_1.0.100.202602081740/tools/bin/../lib/gcc/arm-none-eabi/14.3.1/../../../../arm-none-eabi/lib/thumb/v7e-m+fp/hard/libc_nano.a(libc_a-findfp.o)
 .text.cleanup_stdio
                0x10008654       0x40 /opt/st/stm32cubeide_2.1.0/plugins/com.st.stm32cube.ide.mcu.externaltools.gnu-tools-for-stm32.14.3.rel1.linux64_1.0.100.202602081740/tools/bin/../lib/gcc/arm-none-eabi/14.3.1/../../../../arm-none-eabi/lib/thumb/v7e-m+fp/hard/libc_nano.a(libc_a-findfp.o)
 .text.global_stdio_init.part.0
                0x10008694       0x40 /opt/st/stm32cubeide_2.1.0/plugins/com.st.stm32cube.ide.mcu.externaltools.gnu-tools-for-stm32.14.3.rel1.linux64_1.0.100.202602081740/tools/bin/../lib/gcc/arm-none-eabi/14.3.1/../../../../arm-none-eabi/lib/thumb/v7e-m+fp/hard/libc_nano.a(libc_a-findfp.o)
 .text.__sfp_lock_acquire
                0x100086d4        0xc /opt/st/stm32cubeide_2.1.0/plugins/com.st.stm32cube.ide.mcu.externaltools.gnu-tools-for-stm32.14.3.rel1.linux64_1.0.100.202602081740/tools/bin/../lib/gcc/arm-none-eabi/14.3.1/../../../../arm-none-eabi/lib/thumb/v7e-m+fp/hard/libc_nano.a(libc_a-findfp.o)
                0x100086d4                __sfp_lock_acquire
 .text.__sfp_lock_release
                0x100086e0        0xc /opt/st/stm32cubeide_2.1.0/plugins/com.st.stm32cube.ide.mcu.externaltools.gnu-tools-for-stm32.14.3.rel1.linux64_1.0.100.202602081740/tools/bin/../lib/gcc/arm-none-eabi/14.3.1/../../../../arm-none-eabi/lib/thumb/v7e-m+fp/hard/libc_nano.a(libc_a-findfp.o)
                0x100086e0                __sfp_lock_release
 .text.__sinit  0x100086ec       0x30 /opt/st/stm32cubeide_2.1.0/plugins/com.st.stm32cube.ide.mcu.externaltools.gnu-tools-for-stm32.14.3.rel1.linux64_1.0.100.202602081740/tools/bin/../lib/gcc/arm-none-eabi/14.3.1/../../../../arm-none-eabi/lib/thumb/v7e-m+fp/hard/libc_nano.a(libc_a-findfp.o)
                0x100086ec                __sinit
 .text.fprintf  0x1000871c       0x24 /opt/st/stm32cubeide_2.1.0/plugins/com.st.stm32cube.ide.mcu.externaltools.gnu-tools-for-stm32.14.3.rel1.linux64_1.0.100.202602081740/tools/bin/../lib/gcc/arm-none-eabi/14.3.1/../../../../arm-none-eabi/lib/thumb/v7e-m+fp/hard/libc_nano.a(libc_a-fprintf.o)
                0x1000871c                fprintf
                0x1000871c                fiprintf
 .text._fwalk_sglue
                0x10008740       0x3c /opt/st/stm32cubeide_2.1.0/plugins/com.st.stm32cube.ide.mcu.externaltools.gnu-tools-for-stm32.14.3.rel1.linux64_1.0.100.202602081740/tools/bin/../lib/gcc/arm-none-eabi/14.3.1/../../../../arm-none-eabi/lib/thumb/v7e-m+fp/hard/libc_nano.a(libc_a-fwalk.o)
                0x10008740                _fwalk_sglue
 .text.__sread  0x1000877c       0x22 /opt/st/stm32cubeide_2.1.0/plugins/com.st.stm32cube.ide.mcu.externaltools.gnu-tools-for-stm32.14.3.rel1.linux64_1.0.100.202602081740/tools/bin/../lib/gcc/arm-none-eabi/14.3.1/../../../../arm-none-eabi/lib/thumb/v7e-m+fp/hard/libc_nano.a(libc_a-stdio.o)
                0x1000877c                __sread
 .text.__swrite
                0x1000879e       0x38 /opt/st/stm32cubeide_2.1.0/plugins/com.st.stm32cube.ide.mcu.externaltools.gnu-tools-for-stm32.14.3.rel1.linux64_1.0.100.202602081740/tools/bin/../lib/gcc/arm-none-eabi/14.3.1/../../../../arm-none-eabi/lib/thumb/v7e-m+fp/hard/libc_nano.a(libc_a-stdio.o)
                0x1000879e                __swrite
 .text.__sseek  0x100087d6       0x26 /opt/st/stm32cubeide_2.1.0/plugins/com.st.stm32cube.ide.mcu.externaltools.gnu-tools-for-stm32.14.3.rel1.linux64_1.0.100.202602081740/tools/bin/../lib/gcc/arm-none-eabi/14.3.1/../../../../arm-none-eabi/lib/thumb/v7e-m+fp/hard/libc_nano.a(libc_a-stdio.o)
                0x100087d6                __sseek
 .text.__sclose
                0x100087fc        0x8 /opt/st/stm32cubeide_2.1.0/plugins/com.st.stm32cube.ide.mcu.externaltools.gnu-tools-for-stm32.14.3.rel1.linux64_1.0.100.202602081740/tools/bin/../lib/gcc/arm-none-eabi/14.3.1/../../../../arm-none-eabi/lib/thumb/v7e-m+fp/hard/libc_nano.a(libc_a-stdio.o)
                0x100087fc                __sclose
 .text.memset   0x10008804       0x10 /opt/st/stm32cubeide_2.1.0/plugins/com.st.stm32cube.ide.mcu.externaltools.gnu-tools-for-stm32.14.3.rel1.linux64_1.0.100.202602081740/tools/bin/../lib/gcc/arm-none-eabi/14.3.1/../../../../arm-none-eabi/lib/thumb/v7e-m+fp/hard/libc_nano.a(libc_a-memset.o)
                0x10008804                memset
 .text.strncmp  0x10008814       0x24 /opt/st/stm32cubeide_2.1.0/plugins/com.st.stm32cube.ide.mcu.externaltools.gnu-tools-for-stm32.14.3.rel1.linux64_1.0.100.202602081740/tools/bin/../lib/gcc/arm-none-eabi/14.3.1/../../../../arm-none-eabi/lib/thumb/v7e-m+fp/hard/libc_nano.a(libc_a-strncmp.o)
                0x10008814                strncmp
 .text.strncpy  0x10008838       0x26 /opt/st/stm32cubeide_2.1.0/plugins/com.st.stm32cube.ide.mcu.externaltools.gnu-tools-for-stm32.14.3.rel1.linux64_1.0.100.202602081740/tools/bin/../lib/gcc/arm-none-eabi/14.3.1/../../../../arm-none-eabi/lib/thumb/v7e-m+fp/hard/libc_nano.a(libc_a-strncpy.o)
                0x10008838                strncpy
 *fill*         0x1000885e        0x2 
 .text._close_r
                0x10008860       0x20 /opt/st/stm32cubeide_2.1.0/plugins/com.st.stm32cube.ide.mcu.externaltools.gnu-tools-for-stm32.14.3.rel1.linux64_1.0.100.202602081740/tools/bin/../lib/gcc/arm-none-eabi/14.3.1/../../../../arm-none-eabi/lib/thumb/v7e-m+fp/hard/libc_nano.a(libc_a-closer.o)
                0x10008860                _close_r
 .text._lseek_r
                0x10008880       0x24 /opt/st/stm32cubeide_2.1.0/plugins/com.st.stm32cube.ide.mcu.externaltools.gnu-tools-for-stm32.14.3.rel1.linux64_1.0.100.202602081740/tools/bin/../lib/gcc/arm-none-eabi/14.3.1/../../../../arm-none-eabi/lib/thumb/v7e-m+fp/hard/libc_nano.a(libc_a-lseekr.o)
                0x10008880                _lseek_r
 .text._read_r  0x100088a4       0x24 /opt/st/stm32cubeide_2.1.0/plugins/com.st.stm32cube.ide.mcu.externaltools.gnu-tools-for-stm32.14.3.rel1.linux64_1.0.100.202602081740/tools/bin/../lib/gcc/arm-none-eabi/14.3.1/../../../../arm-none-eabi/lib/thumb/v7e-m+fp/hard/libc_nano.a(libc_a-readr.o)
                0x100088a4                _read_r
 .text._sbrk_r  0x100088c8       0x20 /opt/st/stm32cubeide_2.1.0/plugins/com.st.stm32cube.ide.mcu.externaltools.gnu-tools-for-stm32.14.3.rel1.linux64_1.0.100.202602081740/tools/bin/../lib/gcc/arm-none-eabi/14.3.1/../../../../arm-none-eabi/lib/thumb/v7e-m+fp/hard/libc_nano.a(libc_a-sbrkr.o)
                0x100088c8                _sbrk_r
 .text._write_r
                0x100088e8       0x24 /opt/st/stm32cubeide_2.1.0/plugins/com.st.stm32cube.ide.mcu.externaltools.gnu-tools-for-stm32.14.3.rel1.linux64_1.0.100.202602081740/tools/bin/../lib/gcc/arm-none-eabi/14.3.1/../../../../arm-none-eabi/lib/thumb/v7e-m+fp/hard/libc_nano.a(libc_a-writer.o)
                0x100088e8                _write_r
 .text.__errno  0x1000890c        0xc /opt/st/stm32cubeide_2.1.0/plugins/com.st.stm32cube.ide.mcu.externaltools.gnu-tools-for-stm32.14.3.rel1.linux64_1.0.100.202602081740/tools/bin/../lib/gcc/arm-none-eabi/14.3.1/../../../../arm-none-eabi/lib/thumb/v7e-m+fp/hard/libc_nano.a(libc_a-errno.o)
                0x1000890c                __errno
 .text.__libc_init_array
                0x10008918       0x48 /opt/st/stm32cubeide_2.1.0/plugins/com.st.stm32cube.ide.mcu.externaltools.gnu-tools-for-stm32.14.3.rel1.linux64_1.0.100.202602081740/tools/bin/../lib/gcc/arm-none-eabi/14.3.1/../../../../arm-none-eabi/lib/thumb/v7e-m+fp/hard/libc_nano.a(libc_a-init.o)
                0x10008918                __libc_init_array
 .text.__retarget_lock_init_recursive
                0x10008960        0x2 /opt/st/stm32cubeide_2.1.0/plugins/com.st.stm32cube.ide.mcu.externaltools.gnu-tools-for-stm32.14.3.rel1.linux64_1.0.100.202602081740/tools/bin/../lib/gcc/arm-none-eabi/14.3.1/../../../../arm-none-eabi/lib/thumb/v7e-m+fp/hard/libc_nano.a(libc_a-lock.o)
                0x10008960                __retarget_lock_init_recursive
 .text.__retarget_lock_acquire_recursive
                0x10008962        0x2 /opt/st/stm32cubeide_2.1.0/plugins/com.st.stm32cube.ide.mcu.externaltools.gnu-tools-for-stm32.14.3.rel1.linux64_1.0.100.202602081740/tools/bin/../lib/gcc/arm-none-eabi/14.3.1/../../../../arm-none-eabi/lib/thumb/v7e-m+fp/hard/libc_nano.a(libc_a-lock.o)
                0x10008962                __retarget_lock_acquire_recursive
 .text.__retarget_lock_release_recursive
                0x10008964        0x2 /opt/st/stm32cubeide_2.1.0/plugins/com.st.stm32cube.ide.mcu.externaltools.gnu-tools-for-stm32.14.3.rel1.linux64_1.0.100.202602081740/tools/bin/../lib/gcc/arm-none-eabi/14.3.1/../../../../arm-none-eabi/lib/thumb/v7e-m+fp/hard/libc_nano.a(libc_a-lock.o)
                0x10008964                __retarget_lock_release_recursive
 .text.memcpy   0x10008966       0x1c /opt/st/stm32cubeide_2.1.0/plugins/com.st.stm32cube.ide.mcu.externaltools.gnu-tools-for-stm32.14.3.rel1.linux64_1.0.100.202602081740/tools/bin/../lib/gcc/arm-none-eabi/14.3.1/../../../../arm-none-eabi/lib/thumb/v7e-m+fp/hard/libc_nano.a(libc_a-memcpy-stub.o)
                0x10008966                memcpy
 .text.abort    0x10008982        0xe /opt/st/stm32cubeide_2.1.0/plugins/com.st.stm32cube.ide.mcu.externaltools.gnu-tools-for-stm32.14.3.rel1.linux64_1.0.100.202602081740/tools/bin/../lib/gcc/arm-none-eabi/14.3.1/../../../../arm-none-eabi/lib/thumb/v7e-m+fp/hard/libc_nano.a(libc_a-abort.o)
                0x10008982                abort
 .text._free_r  0x10008990       0x94 /opt/st/stm32cubeide_2.1.0/plugins/com.st.stm32cube.ide.mcu.externaltools.gnu-tools-for-stm32.14.3.rel1.linux64_1.0.100.202602081740/tools/bin/../lib/gcc/arm-none-eabi/14.3.1/../../../../arm-none-eabi/lib/thumb/v7e-m+fp/hard/libc_nano.a(libc_a-freer.o)
                0x10008990                _free_r
 .text.__sfputc_r
                0x10008a24       0x2e /opt/st/stm32cubeide_2.1.0/plugins/com.st.stm32cube.ide.mcu.externaltools.gnu-tools-for-stm32.14.3.rel1.linux64_1.0.100.202602081740/tools/bin/../lib/gcc/arm-none-eabi/14.3.1/../../../../arm-none-eabi/lib/thumb/v7e-m+fp/hard/libc_nano.a(libc_a-nano-vfprintf.o)
 .text.__sfputs_r
                0x10008a52       0x24 /opt/st/stm32cubeide_2.1.0/plugins/com.st.stm32cube.ide.mcu.externaltools.gnu-tools-for-stm32.14.3.rel1.linux64_1.0.100.202602081740/tools/bin/../lib/gcc/arm-none-eabi/14.3.1/../../../../arm-none-eabi/lib/thumb/v7e-m+fp/hard/libc_nano.a(libc_a-nano-vfprintf.o)
                0x10008a52                __sfputs_r
 *fill*         0x10008a76        0x2 
 .text._vfprintf_r
                0x10008a78      0x228 /opt/st/stm32cubeide_2.1.0/plugins/com.st.stm32cube.ide.mcu.externaltools.gnu-tools-for-stm32.14.3.rel1.linux64_1.0.100.202602081740/tools/bin/../lib/gcc/arm-none-eabi/14.3.1/../../../../arm-none-eabi/lib/thumb/v7e-m+fp/hard/libc_nano.a(libc_a-nano-vfprintf.o)
                0x10008a78                _vfiprintf_r
                0x10008a78                _vfprintf_r
 .text._printf_common
                0x10008ca0       0xda /opt/st/stm32cubeide_2.1.0/plugins/com.st.stm32cube.ide.mcu.externaltools.gnu-tools-for-stm32.14.3.rel1.linux64_1.0.100.202602081740/tools/bin/../lib/gcc/arm-none-eabi/14.3.1/../../../../arm-none-eabi/lib/thumb/v7e-m+fp/hard/libc_nano.a(libc_a-nano-vfprintf_i.o)
                0x10008ca0                _printf_common
 *fill*         0x10008d7a        0x2 
 .text._printf_i
                0x10008d7c      0x24c /opt/st/stm32cubeide_2.1.0/plugins/com.st.stm32cube.ide.mcu.externaltools.gnu-tools-for-stm32.14.3.rel1.linux64_1.0.100.202602081740/tools/bin/../lib/gcc/arm-none-eabi/14.3.1/../../../../arm-none-eabi/lib/thumb/v7e-m+fp/hard/libc_nano.a(libc_a-nano-vfprintf_i.o)
                0x10008d7c                _printf_i
 .text.__sflush_r
                0x10008fc8      0x104 /opt/st/stm32cubeide_2.1.0/plugins/com.st.stm32cube.ide.mcu.externaltools.gnu-tools-for-stm32.14.3.rel1.linux64_1.0.100.202602081740/tools/bin/../lib/gcc/arm-none-eabi/14.3.1/../../../../arm-none-eabi/lib/thumb/v7e-m+fp/hard/libc_nano.a(libc_a-fflush.o)
                0x10008fc8                __sflush_r
 .text._fflush_r
                0x100090cc       0x50 /opt/st/stm32cubeide_2.1.0/plugins/com.st.stm32cube.ide.mcu.externaltools.gnu-tools-for-stm32.14.3.rel1.linux64_1.0.100.202602081740/tools/bin/../lib/gcc/arm-none-eabi/14.3.1/../../../../arm-none-eabi/lib/thumb/v7e-m+fp/hard/libc_nano.a(libc_a-fflush.o)
                0x100090cc                _fflush_r
 .text.__swbuf_r
                0x1000911c       0x7c /opt/st/stm32cubeide_2.1.0/plugins/com.st.stm32cube.ide.mcu.externaltools.gnu-tools-for-stm32.14.3.rel1.linux64_1.0.100.202602081740/tools/bin/../lib/gcc/arm-none-eabi/14.3.1/../../../../arm-none-eabi/lib/thumb/v7e-m+fp/hard/libc_nano.a(libc_a-wbuf.o)
                0x1000911c                __swbuf_r
 .text.__swsetup_r
                0x10009198       0xa8 /opt/st/stm32cubeide_2.1.0/plugins/com.st.stm32cube.ide.mcu.externaltools.gnu-tools-for-stm32.14.3.rel1.linux64_1.0.100.202602081740/tools/bin/../lib/gcc/arm-none-eabi/14.3.1/../../../../arm-none-eabi/lib/thumb/v7e-m+fp/hard/libc_nano.a(libc_a-wsetup.o)
                0x10009198                __swsetup_r
 .text._raise_r
                0x10009240       0x50 /opt/st/stm32cubeide_2.1.0/plugins/com.st.stm32cube.ide.mcu.externaltools.gnu-tools-for-stm32.14.3.rel1.linux64_1.0.100.202602081740/tools/bin/../lib/gcc/arm-none-eabi/14.3.1/../../../../arm-none-eabi/lib/thumb/v7e-m+fp/hard/libc_nano.a(libc_a-signal.o)
                0x10009240                _raise_r
 .text.raise    0x10009290       0x10 /opt/st/stm32cubeide_2.1.0/plugins/com.st.stm32cube.ide.mcu.externaltools.gnu-tools-for-stm32.14.3.rel1.linux64_1.0.100.202602081740/tools/bin/../lib/gcc/arm-none-eabi/14.3.1/../../../../arm-none-eabi/lib/thumb/v7e-m+fp/hard/libc_nano.a(libc_a-signal.o)
                0x10009290                raise
 .text._kill_r  0x100092a0       0x24 /opt/st/stm32cubeide_2.1.0/plugins/com.st.stm32cube.ide.mcu.externaltools.gnu-tools-for-stm32.14.3.rel1.linux64_1.0.100.202602081740/tools/bin/../lib/gcc/arm-none-eabi/14.3.1/../../../../arm-none-eabi/lib/thumb/v7e-m+fp/hard/libc_nano.a(libc_a-signalr.o)
                0x100092a0                _kill_r
 .text._getpid_r
                0x100092c4        0x4 /opt/st/stm32cubeide_2.1.0/plugins/com.st.stm32cube.ide.mcu.externaltools.gnu-tools-for-stm32.14.3.rel1.linux64_1.0.100.202602081740/tools/bin/../lib/gcc/arm-none-eabi/14.3.1/../../../../arm-none-eabi/lib/thumb/v7e-m+fp/hard/libc_nano.a(libc_a-signalr.o)
                0x100092c4                _getpid_r
 .text.__swhatbuf_r
                0x100092c8       0x48 /opt/st/stm32cubeide_2.1.0/plugins/com.st.stm32cube.ide.mcu.externaltools.gnu-tools-for-stm32.14.3.rel1.linux64_1.0.100.202602081740/tools/bin/../lib/gcc/arm-none-eabi/14.3.1/../../../../arm-none-eabi/lib/thumb/v7e-m+fp/hard/libc_nano.a(libc_a-makebuf.o)
                0x100092c8                __swhatbuf_r
 .text.__smakebuf_r
                0x10009310       0x72 /opt/st/stm32cubeide_2.1.0/plugins/com.st.stm32cube.ide.mcu.externaltools.gnu-tools-for-stm32.14.3.rel1.linux64_1.0.100.202602081740/tools/bin/../lib/gcc/arm-none-eabi/14.3.1/../../../../arm-none-eabi/lib/thumb/v7e-m+fp/hard/libc_nano.a(libc_a-makebuf.o)
                0x10009310                __smakebuf_r
 *fill*         0x10009382        0x2 
 .text._fstat_r
                0x10009384       0x24 /opt/st/stm32cubeide_2.1.0/plugins/com.st.stm32cube.ide.mcu.externaltools.gnu-tools-for-stm32.14.3.rel1.linux64_1.0.100.202602081740/tools/bin/../lib/gcc/arm-none-eabi/14.3.1/../../../../arm-none-eabi/lib/thumb/v7e-m+fp/hard/libc_nano.a(libc_a-fstatr.o)
                0x10009384                _fstat_r
 .text._isatty_r
                0x100093a8       0x20 /opt/st/stm32cubeide_2.1.0/plugins/com.st.stm32cube.ide.mcu.externaltools.gnu-tools-for-stm32.14.3.rel1.linux64_1.0.100.202602081740/tools/bin/../lib/gcc/arm-none-eabi/14.3.1/../../../../arm-none-eabi/lib/thumb/v7e-m+fp/hard/libc_nano.a(libc_a-isattyr.o)
                0x100093a8                _isatty_r
 *(.glue_7)
 .glue_7        0x100093c8        0x0 linker stubs
 *(.glue_7t)
 .glue_7t       0x100093c8        0x0 linker stubs
 *(.eh_frame)
 .eh_frame      0x100093c8        0x0 /opt/st/stm32cubeide_2.1.0/plugins/com.st.stm32cube.ide.mcu.externaltools.gnu-tools-for-stm32.14.3.rel1.linux64_1.0.100.202602081740/tools/bin/../lib/gcc/arm-none-eabi/14.3.1/thumb/v7e-m+fp/hard/crtbegin.o
 *(.init)
 .init          0x100093c8        0x4 /opt/st/stm32cubeide_2.1.0/plugins/com.st.stm32cube.ide.mcu.externaltools.gnu-tools-for-stm32.14.3.rel1.linux64_1.0.100.202602081740/tools/bin/../lib/gcc/arm-none-eabi/14.3.1/thumb/v7e-m+fp/hard/crti.o
                0x100093c8                _init
 .init          0x100093cc        0x8 /opt/st/stm32cubeide_2.1.0/plugins/com.st.stm32cube.ide.mcu.externaltools.gnu-tools-for-stm32.14.3.rel1.linux64_1.0.100.202602081740/tools/bin/../lib/gcc/arm-none-eabi/14.3.1/thumb/v7e-m+fp/hard/crtn.o
 *(.fini)
 .fini          0x100093d4        0x4 /opt/st/stm32cubeide_2.1.0/plugins/com.st.stm32cube.ide.mcu.externaltools.gnu-tools-for-stm32.14.3.rel1.linux64_1.0.100.202602081740/tools/bin/../lib/gcc/arm-none-eabi/14.3.1/thumb/v7e-m+fp/hard/crti.o
                0x100093d4                _fini
 .fini          0x100093d8        0x8 /opt/st/stm32cubeide_2.1.0/plugins/com.st.stm32cube.ide.mcu.externaltools.gnu-tools-for-stm32.14.3.rel1.linux64_1.0.100.202602081740/tools/bin/../lib/gcc/arm-none-eabi/14.3.1/thumb/v7e-m+fp/hard/crtn.o
                0x100093e0                        . = ALIGN (0x4)
                0x100093e0                        _etext = .

.vfp11_veneer   0x100093e0        0x0
 .vfp11_veneer  0x100093e0        0x0 linker stubs

.v4_bx          0x100093e0        0x0
 .v4_bx         0x100093e0        0x0 linker stubs

.iplt           0x100093e0        0x0
 .iplt          0x100093e0        0x0 /opt/st/stm32cubeide_2.1.0/plugins/com.st.stm32cube.ide.mcu.externaltools.gnu-tools-for-stm32.14.3.rel1.linux64_1.0.100.202602081740/tools/bin/../lib/gcc/arm-none-eabi/14.3.1/thumb/v7e-m+fp/hard/crtbegin.o

.startup_copro_fw.Reset_Handler
                0x100093e0       0x50
 .startup_copro_fw.Reset_Handler
                0x100093e0       0x50 ./Core/Startup/startup_stm32mp157facx.o
                0x100093e0                Reset_Handler

.rodata         0x10009430      0x420
                0x10009430                        . = ALIGN (0x4)
 *(.rodata)
 .rodata        0x10009430       0x4c ./Drivers/STM32MP1xx_HAL_Driver/stm32mp1xx_hal_fdcan.o
 .rodata        0x1000947c       0xbc ./Middlewares/Third_Party/OpenAMP/device.o
 .rodata        0x10009538       0xed ./Middlewares/Third_Party/OpenAMP/remoteproc_virtio.o
 *fill*         0x10009625        0x3 
 .rodata        0x10009628       0xd7 ./Middlewares/Third_Party/OpenAMP/rpmsg_virtio.o
 *fill*         0x100096ff        0x1 
 .rodata        0x10009700       0x1c ./OPENAMP/openamp.o
 *(.rodata*)
 .rodata.DLCtoBytes
                0x1000971c       0x10 ./Drivers/STM32MP1xx_HAL_Driver/stm32mp1xx_hal_fdcan.o
 .rodata.remoteproc_virtio_dispatch_funcs
                0x1000972c       0x24 ./Middlewares/Third_Party/OpenAMP/remoteproc_virtio.o
 .rodata.__func__.1
                0x10009750       0x1e ./Middlewares/Third_Party/OpenAMP/remoteproc_virtio.o
 *fill*         0x1000976e        0x2 
 .rodata.__func__.0
                0x10009770        0xe ./Middlewares/Third_Party/OpenAMP/remoteproc_virtio.o
 *fill*         0x1000977e        0x2 
 .rodata.__func__.2
                0x10009780       0x24 ./Middlewares/Third_Party/OpenAMP/rpmsg_virtio.o
 .rodata.__func__.1
                0x100097a4       0x21 ./Middlewares/Third_Party/OpenAMP/rpmsg_virtio.o
 *fill*         0x100097c5        0x3 
 .rodata.__func__.0
                0x100097c8       0x19 ./Middlewares/Third_Party/OpenAMP/rpmsg_virtio.o
 .rodata.__assert_func.str1.1
                0x100097e1       0x6f /opt/st/stm32cubeide_2.1.0/plugins/com.st.stm32cube.ide.mcu.externaltools.gnu-tools-for-stm32.14.3.rel1.linux64_1.0.100.202602081740/tools/bin/../lib/gcc/arm-none-eabi/14.3.1/../../../../arm-none-eabi/lib/thumb/v7e-m+fp/hard/libc_nano.a(libc_a-assert.o)
                                 0x3d (size before relaxing)
 .rodata._vfprintf_r.str1.1
                0x10009850       0x11 /opt/st/stm32cubeide_2.1.0/plugins/com.st.stm32cube.ide.mcu.externaltools.gnu-tools-for-stm32.14.3.rel1.linux64_1.0.100.202602081740/tools/bin/../lib/gcc/arm-none-eabi/14.3.1/../../../../arm-none-eabi/lib/thumb/v7e-m+fp/hard/libc_nano.a(libc_a-nano-vfprintf.o)
 .rodata._printf_i.str1.1
                0x10009850       0x22 /opt/st/stm32cubeide_2.1.0/plugins/com.st.stm32cube.ide.mcu.externaltools.gnu-tools-for-stm32.14.3.rel1.linux64_1.0.100.202602081740/tools/bin/../lib/gcc/arm-none-eabi/14.3.1/../../../../arm-none-eabi/lib/thumb/v7e-m+fp/hard/libc_nano.a(libc_a-nano-vfprintf_i.o)
                0x10009874                        . = ALIGN (0x4)

.ARM.extab      0x10009850        0x0
                0x10009850                        . = ALIGN (0x4)
 *(.ARM.extab* .gnu.linkonce.armextab.*)
                0x10009850                        . = ALIGN (0x4)

.ARM            0x10009850        0x8
                0x10009850                        . = ALIGN (0x4)
                0x10009850                        __exidx_start = .
 *(.ARM.exidx*)
 .ARM.exidx     0x10009850        0x8 /opt/st/stm32cubeide_2.1.0/plugins/com.st.stm32cube.ide.mcu.externaltools.gnu-tools-for-stm32.14.3.rel1.linux64_1.0.100.202602081740/tools/bin/../lib/gcc/arm-none-eabi/14.3.1/../../../../arm-none-eabi/lib/thumb/v7e-m+fp/hard/libc_nano.a(libc_a-strcmp.o)
 .ARM.exidx     0x10009858        0x0 /opt/st/stm32cubeide_2.1.0/plugins/com.st.stm32cube.ide.mcu.externaltools.gnu-tools-for-stm32.14.3.rel1.linux64_1.0.100.202602081740/tools/bin/../lib/gcc/arm-none-eabi/14.3.1/../../../../arm-none-eabi/lib/thumb/v7e-m+fp/hard/libc_nano.a(libc_a-memchr.o)
                                  0x8 (size before relaxing)
                0x10009858                        __exidx_end = .
                0x10009858                        . = ALIGN (0x4)

.preinit_array  0x10009858        0x0
                0x10009858                        . = ALIGN (0x4)
                0x10009858                        PROVIDE (__preinit_array_start = .)
 *(.preinit_array*)
                0x10009858                        PROVIDE (__preinit_array_end = .)
                0x10009858                        . = ALIGN (0x4)

.init_array     0x10009858        0x4
                0x10009858                        . = ALIGN (0x4)
                0x10009858                        PROVIDE (__init_array_start = .)
 *(SORT_BY_NAME(.init_array.*))
 *(.init_array*)
 .init_array    0x10009858        0x4 /opt/st/stm32cubeide_2.1.0/plugins/com.st.stm32cube.ide.mcu.externaltools.gnu-tools-for-stm32.14.3.rel1.linux64_1.0.100.202602081740/tools/bin/../lib/gcc/arm-none-eabi/14.3.1/thumb/v7e-m+fp/hard/crtbegin.o
                0x1000985c                        PROVIDE (__init_array_end = .)
                0x1000985c                        . = ALIGN (0x4)

.fini_array     0x1000985c        0x4
                0x1000985c                        . = ALIGN (0x4)
                [!provide]                        PROVIDE (__fini_array_start = .)
 *(SORT_BY_NAME(.fini_array.*))
 *(.fini_array*)
 .fini_array    0x1000985c        0x4 /opt/st/stm32cubeide_2.1.0/plugins/com.st.stm32cube.ide.mcu.externaltools.gnu-tools-for-stm32.14.3.rel1.linux64_1.0.100.202602081740/tools/bin/../lib/gcc/arm-none-eabi/14.3.1/thumb/v7e-m+fp/hard/crtbegin.o
                [!provide]                        PROVIDE (__fini_array_end = .)
                0x10009860                        . = ALIGN (0x4)
                0x10009860                        __DATA_ROM = .
                0x10009860                        _sidata = LOADADDR (.data)

.data           0x10020000      0x120 load address 0x10009860
                0x10020000                        . = ALIGN (0x4)
                0x10020000                        _sdata = .
 *(.data)
 *(.data*)
 .data.SystemCoreClock
                0x10020000        0x4 ./Common/System/system_stm32mp1xx.o
                0x10020000                SystemCoreClock
 .data.uwTickPrio
                0x10020004        0x4 ./Drivers/STM32MP1xx_HAL_Driver/stm32mp1xx_hal.o
                0x10020004                uwTickPrio
 .data.uwTickFreq
                0x10020008        0x1 ./Drivers/STM32MP1xx_HAL_Driver/stm32mp1xx_hal.o
                0x10020008                uwTickFreq
 *fill*         0x10020009        0x3 
 .data.metal_generic_bus
                0x1002000c       0x2c ./Middlewares/Third_Party/OpenAMP/device.o
                0x1002000c                metal_generic_bus
 .data.shm_device
                0x10020038       0x8c ./OPENAMP/openamp.o
                0x10020038                shm_device
 .data.__sglue  0x100200c4        0xc /opt/st/stm32cubeide_2.1.0/plugins/com.st.stm32cube.ide.mcu.externaltools.gnu-tools-for-stm32.14.3.rel1.linux64_1.0.100.202602081740/tools/bin/../lib/gcc/arm-none-eabi/14.3.1/../../../../arm-none-eabi/lib/thumb/v7e-m+fp/hard/libc_nano.a(libc_a-findfp.o)
                0x100200c4                __sglue
 .data._impure_ptr
                0x100200d0        0x4 /opt/st/stm32cubeide_2.1.0/plugins/com.st.stm32cube.ide.mcu.externaltools.gnu-tools-for-stm32.14.3.rel1.linux64_1.0.100.202602081740/tools/bin/../lib/gcc/arm-none-eabi/14.3.1/../../../../arm-none-eabi/lib/thumb/v7e-m+fp/hard/libc_nano.a(libc_a-impure.o)
                0x100200d0                _impure_ptr
 .data._impure_data
                0x100200d4       0x4c /opt/st/stm32cubeide_2.1.0/plugins/com.st.stm32cube.ide.mcu.externaltools.gnu-tools-for-stm32.14.3.rel1.linux64_1.0.100.202602081740/tools/bin/../lib/gcc/arm-none-eabi/14.3.1/../../../../arm-none-eabi/lib/thumb/v7e-m+fp/hard/libc_nano.a(libc_a-impure.o)
                0x100200d4                _impure_data
                0x10020120                        . = ALIGN (0x4)
                0x10020120                        _edata = .
                0x10009980                        __DATA_END = (__DATA_ROM + (_edata - _sdata))
                0x10020000                        text_end = (ORIGIN (SRAM1_text) + LENGTH (SRAM1_text))
                0x00000001                        ASSERT ((__DATA_END <= text_end), region SRAM1_text overflowed with text and data)

.igot.plt       0x10020120        0x0 load address 0x10009980
 .igot.plt      0x10020120        0x0 /opt/st/stm32cubeide_2.1.0/plugins/com.st.stm32cube.ide.mcu.externaltools.gnu-tools-for-stm32.14.3.rel1.linux64_1.0.100.202602081740/tools/bin/../lib/gcc/arm-none-eabi/14.3.1/thumb/v7e-m+fp/hard/crtbegin.o

.resource_table
                0x10020120       0x8c load address 0x10009980
                0x10020120                        . = ALIGN (0x4)
 *(.resource_table*)
 .resource_table
                0x10020120       0x8c ./OPENAMP/rsc_table.o
                0x10020120                resource_table
                0x100201ac                        . = ALIGN (0x4)

.rel.dyn        0x100201ac        0x0 load address 0x10009a0c
 .rel.iplt      0x100201ac        0x0 /opt/st/stm32cubeide_2.1.0/plugins/com.st.stm32cube.ide.mcu.externaltools.gnu-tools-for-stm32.14.3.rel1.linux64_1.0.100.202602081740/tools/bin/../lib/gcc/arm-none-eabi/14.3.1/thumb/v7e-m+fp/hard/crtbegin.o
                0x100201ac                        . = ALIGN (0x4)

.bss            0x100201ac      0x370 load address 0x10009a0c
                0x100201ac                        _sbss = .
                0x100201ac                        __bss_start__ = _sbss
 *(.bss)
 .bss           0x100201ac       0x1c /opt/st/stm32cubeide_2.1.0/plugins/com.st.stm32cube.ide.mcu.externaltools.gnu-tools-for-stm32.14.3.rel1.linux64_1.0.100.202602081740/tools/bin/../lib/gcc/arm-none-eabi/14.3.1/thumb/v7e-m+fp/hard/crtbegin.o
 *(.bss*)
 .bss.hfdcan1   0x100201c8       0xa0 ./Core/Src/main.o
                0x100201c8                hfdcan1
 .bss.hipcc     0x10020268       0x3c ./Core/Src/main.o
                0x10020268                hipcc
 .bss.TxHeader  0x100202a4       0x24 ./Core/Src/main.o
                0x100202a4                TxHeader
 .bss.RxHeader  0x100202c8       0x28 ./Core/Src/main.o
                0x100202c8                RxHeader
 .bss.RxData    0x100202f0        0x8 ./Core/Src/main.o
                0x100202f0                RxData
 .bss.__sbrk_heap_end
                0x100202f8        0x4 ./Core/Src/sysmem.o
 .bss.uwTick    0x100202fc        0x4 ./Drivers/STM32MP1xx_HAL_Driver/stm32mp1xx_hal.o
                0x100202fc                uwTick
 .bss._metal    0x10020300       0x20 ./Middlewares/Third_Party/OpenAMP/generic_init.o
                0x10020300                _metal
 .bss.msg_received_ch1
                0x10020320        0x4 ./OPENAMP/mbox_ipcc.o
                0x10020320                msg_received_ch1
 .bss.msg_received_ch2
                0x10020324        0x4 ./OPENAMP/mbox_ipcc.o
                0x10020324                msg_received_ch2
 .bss.shm_io    0x10020328        0x4 ./OPENAMP/openamp.o
 .bss.rsc_io    0x1002032c        0x4 ./OPENAMP/openamp.o
 .bss.rsc_table
                0x10020330        0x4 ./OPENAMP/openamp.o
 .bss.shpool    0x10020334        0xc ./OPENAMP/openamp.o
 .bss.rvdev     0x10020340       0x8c ./OPENAMP/openamp.o
 .bss.shm_physmap
                0x100203cc        0x4 ./OPENAMP/openamp.o
 .bss.__malloc_sbrk_start
                0x100203d0        0x4 /opt/st/stm32cubeide_2.1.0/plugins/com.st.stm32cube.ide.mcu.externaltools.gnu-tools-for-stm32.14.3.rel1.linux64_1.0.100.202602081740/tools/bin/../lib/gcc/arm-none-eabi/14.3.1/../../../../arm-none-eabi/lib/thumb/v7e-m+fp/hard/libc_nano.a(libc_a-mallocr.o)
                0x100203d0                __malloc_sbrk_start
 .bss.__malloc_free_list
                0x100203d4        0x4 /opt/st/stm32cubeide_2.1.0/plugins/com.st.stm32cube.ide.mcu.externaltools.gnu-tools-for-stm32.14.3.rel1.linux64_1.0.100.202602081740/tools/bin/../lib/gcc/arm-none-eabi/14.3.1/../../../../arm-none-eabi/lib/thumb/v7e-m+fp/hard/libc_nano.a(libc_a-mallocr.o)
                0x100203d4                __malloc_free_list
 .bss.__sf      0x100203d8      0x138 /opt/st/stm32cubeide_2.1.0/plugins/com.st.stm32cube.ide.mcu.externaltools.gnu-tools-for-stm32.14.3.rel1.linux64_1.0.100.202602081740/tools/bin/../lib/gcc/arm-none-eabi/14.3.1/../../../../arm-none-eabi/lib/thumb/v7e-m+fp/hard/libc_nano.a(libc_a-findfp.o)
                0x100203d8                __sf
 .bss.__stdio_exit_handler
                0x10020510        0x4 /opt/st/stm32cubeide_2.1.0/plugins/com.st.stm32cube.ide.mcu.externaltools.gnu-tools-for-stm32.14.3.rel1.linux64_1.0.100.202602081740/tools/bin/../lib/gcc/arm-none-eabi/14.3.1/../../../../arm-none-eabi/lib/thumb/v7e-m+fp/hard/libc_nano.a(libc_a-findfp.o)
                0x10020510                __stdio_exit_handler
 .bss.errno     0x10020514        0x4 /opt/st/stm32cubeide_2.1.0/plugins/com.st.stm32cube.ide.mcu.externaltools.gnu-tools-for-stm32.14.3.rel1.linux64_1.0.100.202602081740/tools/bin/../lib/gcc/arm-none-eabi/14.3.1/../../../../arm-none-eabi/lib/thumb/v7e-m+fp/hard/libc_nano.a(libc_a-reent.o)
                0x10020514                errno
 .bss.__lock___malloc_recursive_mutex
                0x10020518        0x1 /opt/st/stm32cubeide_2.1.0/plugins/com.st.stm32cube.ide.mcu.externaltools.gnu-tools-for-stm32.14.3.rel1.linux64_1.0.100.202602081740/tools/bin/../lib/gcc/arm-none-eabi/14.3.1/../../../../arm-none-eabi/lib/thumb/v7e-m+fp/hard/libc_nano.a(libc_a-lock.o)
                0x10020518                __lock___malloc_recursive_mutex
 .bss.__lock___sfp_recursive_mutex
                0x10020519        0x1 /opt/st/stm32cubeide_2.1.0/plugins/com.st.stm32cube.ide.mcu.externaltools.gnu-tools-for-stm32.14.3.rel1.linux64_1.0.100.202602081740/tools/bin/../lib/gcc/arm-none-eabi/14.3.1/../../../../arm-none-eabi/lib/thumb/v7e-m+fp/hard/libc_nano.a(libc_a-lock.o)
                0x10020519                __lock___sfp_recursive_mutex
 *(COMMON)
                0x1002051c                        . = ALIGN (0x4)
 *fill*         0x1002051a        0x2 
                0x1002051c                        _ebss = .
                0x1002051c                        __bss_end__ = _ebss

._user_heap_stack
                0x1002051c      0x604 load address 0x10009d7c
                0x10020520                        . = ALIGN (0x8)
 *fill*         0x1002051c        0x4 
                [!provide]                        PROVIDE (end = .)
                0x10020520                        PROVIDE (_end = .)
                0x10020720                        . = (. + _Min_Heap_Size)
 *fill*         0x10020520      0x200 
                0x10020b20                        . = (. + _Min_Stack_Size)
 *fill*         0x10020720      0x400 
                0x10020b20                        . = ALIGN (0x8)

/DISCARD/
 libc.a(*)
 libm.a(*)
 libgcc.a(*)

.ARM.attributes
                0x00000000       0x30
 *(.ARM.attributes)
 .ARM.attributes
                0x00000000       0x22 /opt/st/stm32cubeide_2.1.0/plugins/com.st.stm32cube.ide.mcu.externaltools.gnu-tools-for-stm32.14.3.rel1.linux64_1.0.100.202602081740/tools/bin/../lib/gcc/arm-none-eabi/14.3.1/thumb/v7e-m+fp/hard/crti.o
 .ARM.attributes
                0x00000022       0x34 /opt/st/stm32cubeide_2.1.0/plugins/com.st.stm32cube.ide.mcu.externaltools.gnu-tools-for-stm32.14.3.rel1.linux64_1.0.100.202602081740/tools/bin/../lib/gcc/arm-none-eabi/14.3.1/thumb/v7e-m+fp/hard/crtbegin.o
 .ARM.attributes
                0x00000056       0x34 ./Common/System/system_stm32mp1xx.o
 .ARM.attributes
                0x0000008a       0x34 ./Core/Src/main.o
 .ARM.attributes
                0x000000be       0x34 ./Core/Src/stm32mp1xx_hal_msp.o
 .ARM.attributes
                0x000000f2       0x34 ./Core/Src/stm32mp1xx_it.o
 .ARM.attributes
                0x00000126       0x34 ./Core/Src/syscalls.o
 .ARM.attributes
                0x0000015a       0x34 ./Core/Src/sysmem.o
 .ARM.attributes
                0x0000018e       0x21 ./Core/Startup/startup_stm32mp157facx.o
 .ARM.attributes
                0x000001af       0x34 ./Drivers/STM32MP1xx_HAL_Driver/stm32mp1xx_hal.o
 .ARM.attributes
                0x000001e3       0x34 ./Drivers/STM32MP1xx_HAL_Driver/stm32mp1xx_hal_cortex.o
 .ARM.attributes
                0x00000217       0x34 ./Drivers/STM32MP1xx_HAL_Driver/stm32mp1xx_hal_fdcan.o
 .ARM.attributes
                0x0000024b       0x34 ./Drivers/STM32MP1xx_HAL_Driver/stm32mp1xx_hal_gpio.o
 .ARM.attributes
                0x0000027f       0x34 ./Drivers/STM32MP1xx_HAL_Driver/stm32mp1xx_hal_ipcc.o
 .ARM.attributes
                0x000002b3       0x34 ./Drivers/STM32MP1xx_HAL_Driver/stm32mp1xx_hal_pwr.o
 .ARM.attributes
                0x000002e7       0x34 ./Drivers/STM32MP1xx_HAL_Driver/stm32mp1xx_hal_rcc.o
 .ARM.attributes
                0x0000031b       0x34 ./Drivers/STM32MP1xx_HAL_Driver/stm32mp1xx_hal_rcc_ex.o
 .ARM.attributes
                0x0000034f       0x34 ./Middlewares/Third_Party/OpenAMP/device.o
 .ARM.attributes
                0x00000383       0x34 ./Middlewares/Third_Party/OpenAMP/generic_device.o
 .ARM.attributes
                0x000003b7       0x34 ./Middlewares/Third_Party/OpenAMP/generic_init.o
 .ARM.attributes
                0x000003eb       0x34 ./Middlewares/Third_Party/OpenAMP/generic_io.o
 .ARM.attributes
                0x0000041f       0x34 ./Middlewares/Third_Party/OpenAMP/init.o
 .ARM.attributes
                0x00000453       0x34 ./Middlewares/Third_Party/OpenAMP/io.o
 .ARM.attributes
                0x00000487       0x34 ./Middlewares/Third_Party/OpenAMP/log.o
 .ARM.attributes
                0x000004bb       0x34 ./Middlewares/Third_Party/OpenAMP/remoteproc_virtio.o
 .ARM.attributes
                0x000004ef       0x34 ./Middlewares/Third_Party/OpenAMP/rpmsg.o
 .ARM.attributes
                0x00000523       0x34 ./Middlewares/Third_Party/OpenAMP/rpmsg_virtio.o
 .ARM.attributes
                0x00000557       0x34 ./Middlewares/Third_Party/OpenAMP/sys.o
 .ARM.attributes
                0x0000058b       0x34 ./Middlewares/Third_Party/OpenAMP/virtio.o
 .ARM.attributes
                0x000005bf       0x34 ./Middlewares/Third_Party/OpenAMP/virtqueue.o
 .ARM.attributes
                0x000005f3       0x34 ./OPENAMP/mbox_ipcc.o
 .ARM.attributes
                0x00000627       0x34 ./OPENAMP/openamp.o
 .ARM.attributes
                0x0000065b       0x34 ./OPENAMP/rsc_table.o
 .ARM.attributes
                0x0000068f       0x34 /opt/st/stm32cubeide_2.1.0/plugins/com.st.stm32cube.ide.mcu.externaltools.gnu-tools-for-stm32.14.3.rel1.linux64_1.0.100.202602081740/tools/bin/../lib/gcc/arm-none-eabi/14.3.1/../../../../arm-none-eabi/lib/thumb/v7e-m+fp/hard/libc_nano.a(libc_a-assert.o)
 .ARM.attributes
                0x000006c3       0x34 /opt/st/stm32cubeide_2.1.0/plugins/com.st.stm32cube.ide.mcu.externaltools.gnu-tools-for-stm32.14.3.rel1.linux64_1.0.100.202602081740/tools/bin/../lib/gcc/arm-none-eabi/14.3.1/../../../../arm-none-eabi/lib/thumb/v7e-m+fp/hard/libc_nano.a(libc_a-malloc.o)
 .ARM.attributes
                0x000006f7       0x34 /opt/st/stm32cubeide_2.1.0/plugins/com.st.stm32cube.ide.mcu.externaltools.gnu-tools-for-stm32.14.3.rel1.linux64_1.0.100.202602081740/tools/bin/../lib/gcc/arm-none-eabi/14.3.1/../../../../arm-none-eabi/lib/thumb/v7e-m+fp/hard/libc_nano.a(libc_a-mallocr.o)
 .ARM.attributes
                0x0000072b       0x34 /opt/st/stm32cubeide_2.1.0/plugins/com.st.stm32cube.ide.mcu.externaltools.gnu-tools-for-stm32.14.3.rel1.linux64_1.0.100.202602081740/tools/bin/../lib/gcc/arm-none-eabi/14.3.1/../../../../arm-none-eabi/lib/thumb/v7e-m+fp/hard/libc_nano.a(libc_a-mlock.o)
 .ARM.attributes
                0x0000075f       0x34 /opt/st/stm32cubeide_2.1.0/plugins/com.st.stm32cube.ide.mcu.externaltools.gnu-tools-for-stm32.14.3.rel1.linux64_1.0.100.202602081740/tools/bin/../lib/gcc/arm-none-eabi/14.3.1/../../../../arm-none-eabi/lib/thumb/v7e-m+fp/hard/libc_nano.a(libc_a-findfp.o)
 .ARM.attributes
                0x00000793       0x34 /opt/st/stm32cubeide_2.1.0/plugins/com.st.stm32cube.ide.mcu.externaltools.gnu-tools-for-stm32.14.3.rel1.linux64_1.0.100.202602081740/tools/bin/../lib/gcc/arm-none-eabi/14.3.1/../../../../arm-none-eabi/lib/thumb/v7e-m+fp/hard/libc_nano.a(libc_a-fprintf.o)
 .ARM.attributes
                0x000007c7       0x34 /opt/st/stm32cubeide_2.1.0/plugins/com.st.stm32cube.ide.mcu.externaltools.gnu-tools-for-stm32.14.3.rel1.linux64_1.0.100.202602081740/tools/bin/../lib/gcc/arm-none-eabi/14.3.1/../../../../arm-none-eabi/lib/thumb/v7e-m+fp/hard/libc_nano.a(libc_a-fwalk.o)
 .ARM.attributes
                0x000007fb       0x34 /opt/st/stm32cubeide_2.1.0/plugins/com.st.stm32cube.ide.mcu.externaltools.gnu-tools-for-stm32.14.3.rel1.linux64_1.0.100.202602081740/tools/bin/../lib/gcc/arm-none-eabi/14.3.1/../../../../arm-none-eabi/lib/thumb/v7e-m+fp/hard/libc_nano.a(libc_a-stdio.o)
 .ARM.attributes
                0x0000082f       0x34 /opt/st/stm32cubeide_2.1.0/plugins/com.st.stm32cube.ide.mcu.externaltools.gnu-tools-for-stm32.14.3.rel1.linux64_1.0.100.202602081740/tools/bin/../lib/gcc/arm-none-eabi/14.3.1/../../../../arm-none-eabi/lib/thumb/v7e-m+fp/hard/libc_nano.a(libc_a-memset.o)
 .ARM.attributes
                0x00000863       0x34 /opt/st/stm32cubeide_2.1.0/plugins/com.st.stm32cube.ide.mcu.externaltools.gnu-tools-for-stm32.14.3.rel1.linux64_1.0.100.202602081740/tools/bin/../lib/gcc/arm-none-eabi/14.3.1/../../../../arm-none-eabi/lib/thumb/v7e-m+fp/hard/libc_nano.a(libc_a-strncmp.o)
 .ARM.attributes
                0x00000897       0x34 /opt/st/stm32cubeide_2.1.0/plugins/com.st.stm32cube.ide.mcu.externaltools.gnu-tools-for-stm32.14.3.rel1.linux64_1.0.100.202602081740/tools/bin/../lib/gcc/arm-none-eabi/14.3.1/../../../../arm-none-eabi/lib/thumb/v7e-m+fp/hard/libc_nano.a(libc_a-strncpy.o)
 .ARM.attributes
                0x000008cb       0x34 /opt/st/stm32cubeide_2.1.0/plugins/com.st.stm32cube.ide.mcu.externaltools.gnu-tools-for-stm32.14.3.rel1.linux64_1.0.100.202602081740/tools/bin/../lib/gcc/arm-none-eabi/14.3.1/../../../../arm-none-eabi/lib/thumb/v7e-m+fp/hard/libc_nano.a(libc_a-closer.o)
 .ARM.attributes
                0x000008ff       0x34 /opt/st/stm32cubeide_2.1.0/plugins/com.st.stm32cube.ide.mcu.externaltools.gnu-tools-for-stm32.14.3.rel1.linux64_1.0.100.202602081740/tools/bin/../lib/gcc/arm-none-eabi/14.3.1/../../../../arm-none-eabi/lib/thumb/v7e-m+fp/hard/libc_nano.a(libc_a-reent.o)
 .ARM.attributes
                0x00000933       0x34 /opt/st/stm32cubeide_2.1.0/plugins/com.st.stm32cube.ide.mcu.externaltools.gnu-tools-for-stm32.14.3.rel1.linux64_1.0.100.202602081740/tools/bin/../lib/gcc/arm-none-eabi/14.3.1/../../../../arm-none-eabi/lib/thumb/v7e-m+fp/hard/libc_nano.a(libc_a-impure.o)
 .ARM.attributes
                0x00000967       0x34 /opt/st/stm32cubeide_2.1.0/plugins/com.st.stm32cube.ide.mcu.externaltools.gnu-tools-for-stm32.14.3.rel1.linux64_1.0.100.202602081740/tools/bin/../lib/gcc/arm-none-eabi/14.3.1/../../../../arm-none-eabi/lib/thumb/v7e-m+fp/hard/libc_nano.a(libc_a-lseekr.o)
 .ARM.attributes
                0x0000099b       0x34 /opt/st/stm32cubeide_2.1.0/plugins/com.st.stm32cube.ide.mcu.externaltools.gnu-tools-for-stm32.14.3.rel1.linux64_1.0.100.202602081740/tools/bin/../lib/gcc/arm-none-eabi/14.3.1/../../../../arm-none-eabi/lib/thumb/v7e-m+fp/hard/libc_nano.a(libc_a-readr.o)
 .ARM.attributes
                0x000009cf       0x34 /opt/st/stm32cubeide_2.1.0/plugins/com.st.stm32cube.ide.mcu.externaltools.gnu-tools-for-stm32.14.3.rel1.linux64_1.0.100.202602081740/tools/bin/../lib/gcc/arm-none-eabi/14.3.1/../../../../arm-none-eabi/lib/thumb/v7e-m+fp/hard/libc_nano.a(libc_a-sbrkr.o)
 .ARM.attributes
                0x00000a03       0x34 /opt/st/stm32cubeide_2.1.0/plugins/com.st.stm32cube.ide.mcu.externaltools.gnu-tools-for-stm32.14.3.rel1.linux64_1.0.100.202602081740/tools/bin/../lib/gcc/arm-none-eabi/14.3.1/../../../../arm-none-eabi/lib/thumb/v7e-m+fp/hard/libc_nano.a(libc_a-writer.o)
 .ARM.attributes
                0x00000a37       0x34 /opt/st/stm32cubeide_2.1.0/plugins/com.st.stm32cube.ide.mcu.externaltools.gnu-tools-for-stm32.14.3.rel1.linux64_1.0.100.202602081740/tools/bin/../lib/gcc/arm-none-eabi/14.3.1/../../../../arm-none-eabi/lib/thumb/v7e-m+fp/hard/libc_nano.a(libc_a-errno.o)
 .ARM.attributes
                0x00000a6b       0x34 /opt/st/stm32cubeide_2.1.0/plugins/com.st.stm32cube.ide.mcu.externaltools.gnu-tools-for-stm32.14.3.rel1.linux64_1.0.100.202602081740/tools/bin/../lib/gcc/arm-none-eabi/14.3.1/../../../../arm-none-eabi/lib/thumb/v7e-m+fp/hard/libc_nano.a(libc_a-init.o)
 .ARM.attributes