../Core/Src/main.c:76:5:main	16	static
../Core/Src/main.c:184:6:SystemClock_Config	336	static
../Core/Src/main.c:269:6:PeriphCommonClock_Config	352	static
../Core/Src/main.c:288:13:MX_FDCAN1_Init	8	static
../Core/Src/main.c:341:13:MX_IPCC_Init	8	static
../Core/Src/main.c:365:13:MX_DMA_Init	4	static
../Core/Src/main.c:379:13:MX_GPIO_Init	32	static
../Core/Src/main.c:497:6:HAL_GPIO_EXTI_Callback	16	static
../Core/Src/main.c:523:6:HAL_FDCAN_RxFifo0Callback	16	static
../Core/Src/main.c:546:6:Error_Handler	4	static,ignoring_inline_asm
